16:34:50 **** Incremental Build of configuration Debug for project OS3 ****
Info: Internal Builder is used for build
arm-atollic-eabi-gcc -c ..\..\app.c -mthumb -mcpu=cortex-m4 -mfloat-abi=hard -mfpu=fpv4-sp-d16 -std=gnu11 -DSTM32F42_43xxx -DUSE_STDPERIPH_DRIVER -IC:/Users/82103/OneDrive/πŸ≈¡ »≠∏È/FireWarning/Examples/ST/STM32F429II-SK/OS3/TrueSTUDIO/../ -IC:/Users/82103/OneDrive/πŸ≈¡ »≠∏È/FireWarning/Examples/ST/STM32F429II-SK/OS3/TrueSTUDIO/../../BSP -IC:/Users/82103/OneDrive/πŸ≈¡ »≠∏È/FireWarning/Examples/ST/STM32F429II-SK/OS3/TrueSTUDIO/../../BSP/ST/STM32F4xx/inc -IC:/Users/82103/OneDrive/πŸ≈¡ »≠∏È/FireWarning/Examples/ST/STM32F429II-SK/OS3/TrueSTUDIO/../../BSP/ST/STM32F4xx/src -IC:/Users/82103/OneDrive/πŸ≈¡ »≠∏È/FireWarning/Examples/ST/STM32F429II-SK/OS3/TrueSTUDIO/../../BSP/TrueSTUDIO -IC:/Users/82103/OneDrive/πŸ≈¡ »≠∏È/FireWarning/Examples/ST/STM32F429II-SK/OS3/TrueSTUDIO/../../../../../Software/uC-CPU/ARM-Cortex-M4/GNU -IC:/Users/82103/OneDrive/πŸ≈¡ »≠∏È/FireWarning/Examples/ST/STM32F429II-SK/OS3/TrueSTUDIO/../../../../../Software/uC-CPU -IC:/Users/82103/OneDrive/πŸ≈¡ »≠∏È/FireWarning/Examples/ST/STM32F429II-SK/OS3/TrueSTUDIO/../../../../../Software/uC-LIB -IC:/Users/82103/OneDrive/πŸ≈¡ »≠∏È/FireWarning/Examples/ST/STM32F429II-SK/OS3/TrueSTUDIO/../../../../../Software/uC-LIB/Ports/ARM-Cortex-M4/GNU -IC:/Users/82103/OneDrive/πŸ≈¡ »≠∏È/FireWarning/Examples/ST/STM32F429II-SK/OS3/TrueSTUDIO/../../../../../Software/uCOS-III/Ports/ARM-Cortex-M4/Generic/GNU -IC:/Users/82103/OneDrive/πŸ≈¡ »≠∏È/FireWarning/Examples/ST/STM32F429II-SK/OS3/TrueSTUDIO/../../../../../Software/uCOS-III/Source -O0 -ffunction-sections -fdata-sections -g -fstack-usage -Wall -specs=nano.specs -o APP\app.o 
..\..\app.c: In function 'FireSenTask':
..\..\app.c:299:9: warning: unused variable 'ts' [-Wunused-variable]
  CPU_TS ts;
         ^~
arm-atollic-eabi-gcc -c ..\..\..\BSP\bsp.c -mthumb -mcpu=cortex-m4 -mfloat-abi=hard -mfpu=fpv4-sp-d16 -std=gnu11 -DSTM32F42_43xxx -DUSE_STDPERIPH_DRIVER -IC:/Users/82103/OneDrive/πŸ≈¡ »≠∏È/FireWarning/Examples/ST/STM32F429II-SK/OS3/TrueSTUDIO/../ -IC:/Users/82103/OneDrive/πŸ≈¡ »≠∏È/FireWarning/Examples/ST/STM32F429II-SK/OS3/TrueSTUDIO/../../BSP -IC:/Users/82103/OneDrive/πŸ≈¡ »≠∏È/FireWarning/Examples/ST/STM32F429II-SK/OS3/TrueSTUDIO/../../BSP/ST/STM32F4xx/inc -IC:/Users/82103/OneDrive/πŸ≈¡ »≠∏È/FireWarning/Examples/ST/STM32F429II-SK/OS3/TrueSTUDIO/../../BSP/ST/STM32F4xx/src -IC:/Users/82103/OneDrive/πŸ≈¡ »≠∏È/FireWarning/Examples/ST/STM32F429II-SK/OS3/TrueSTUDIO/../../BSP/TrueSTUDIO -IC:/Users/82103/OneDrive/πŸ≈¡ »≠∏È/FireWarning/Examples/ST/STM32F429II-SK/OS3/TrueSTUDIO/../../../../../Software/uC-CPU/ARM-Cortex-M4/GNU -IC:/Users/82103/OneDrive/πŸ≈¡ »≠∏È/FireWarning/Examples/ST/STM32F429II-SK/OS3/TrueSTUDIO/../../../../../Software/uC-CPU -IC:/Users/82103/OneDrive/πŸ≈¡ »≠∏È/FireWarning/Examples/ST/STM32F429II-SK/OS3/TrueSTUDIO/../../../../../Software/uC-LIB -IC:/Users/82103/OneDrive/πŸ≈¡ »≠∏È/FireWarning/Examples/ST/STM32F429II-SK/OS3/TrueSTUDIO/../../../../../Software/uC-LIB/Ports/ARM-Cortex-M4/GNU -IC:/Users/82103/OneDrive/πŸ≈¡ »≠∏È/FireWarning/Examples/ST/STM32F429II-SK/OS3/TrueSTUDIO/../../../../../Software/uCOS-III/Ports/ARM-Cortex-M4/Generic/GNU -IC:/Users/82103/OneDrive/πŸ≈¡ »≠∏È/FireWarning/Examples/ST/STM32F429II-SK/OS3/TrueSTUDIO/../../../../../Software/uCOS-III/Source -O0 -ffunction-sections -fdata-sections -g -fstack-usage -Wall -specs=nano.specs -o BSP\bsp.o 
..\..\..\BSP\bsp.c:231:15: warning: 'Bluetooth_Init' declared 'static' but never defined [-Wunused-function]
 static  void  Bluetooth_Init  (void);
               ^~~~~~~~~~~~~~
arm-atollic-eabi-gcc -o OS3.elf APP\app.o APP\os_app_hooks.o BSP\ST\STM32F4xx\src\misc.o BSP\ST\STM32F4xx\src\stm32f4xx_adc.o BSP\ST\STM32F4xx\src\stm32f4xx_can.o BSP\ST\STM32F4xx\src\stm32f4xx_crc.o BSP\ST\STM32F4xx\src\stm32f4xx_cryp.o BSP\ST\STM32F4xx\src\stm32f4xx_cryp_aes.o BSP\ST\STM32F4xx\src\stm32f4xx_cryp_des.o BSP\ST\STM32F4xx\src\stm32f4xx_cryp_tdes.o BSP\ST\STM32F4xx\src\stm32f4xx_dac.o BSP\ST\STM32F4xx\src\stm32f4xx_dbgmcu.o BSP\ST\STM32F4xx\src\stm32f4xx_dcmi.o BSP\ST\STM32F4xx\src\stm32f4xx_dma.o BSP\ST\STM32F4xx\src\stm32f4xx_exti.o BSP\ST\STM32F4xx\src\stm32f4xx_flash.o BSP\ST\STM32F4xx\src\stm32f4xx_fsmc.o BSP\ST\STM32F4xx\src\stm32f4xx_gpio.o BSP\ST\STM32F4xx\src\stm32f4xx_hash.o BSP\ST\STM32F4xx\src\stm32f4xx_hash_md5.o BSP\ST\STM32F4xx\src\stm32f4xx_hash_sha1.o BSP\ST\STM32F4xx\src\stm32f4xx_i2c.o BSP\ST\STM32F4xx\src\stm32f4xx_iwdg.o BSP\ST\STM32F4xx\src\stm32f4xx_pwr.o BSP\ST\STM32F4xx\src\stm32f4xx_rcc.o BSP\ST\STM32F4xx\src\stm32f4xx_rng.o BSP\ST\STM32F4xx\src\stm32f4xx_rtc.o BSP\ST\STM32F4xx\src\stm32f4xx_sdio.o BSP\ST\STM32F4xx\src\stm32f4xx_spi.o BSP\ST\STM32F4xx\src\stm32f4xx_syscfg.o BSP\ST\STM32F4xx\src\stm32f4xx_tim.o BSP\ST\STM32F4xx\src\stm32f4xx_usart.o BSP\ST\STM32F4xx\src\stm32f4xx_wwdg.o BSP\TrueSTUDIO\cstartup.o BSP\bsp.o BSP\bsp_int.o BSP\bsp_periph.o uC-CPU\ARM-Cortex-M4\GNU\cpu_a.o uC-CPU\ARM-Cortex-M4\GNU\cpu_c.o uC-CPU\cpu_core.o uC-LIB\Ports\ARM-Cortex-M4\GNU\lib_mem_a.o uC-LIB\lib_ascii.o uC-LIB\lib_math.o uC-LIB\lib_mem.o uC-LIB\lib_str.o uCOS-III\Ports\ARM-Cortex-M4\Generic\GNU\os_cpu_a.o uCOS-III\Ports\ARM-Cortex-M4\Generic\GNU\os_cpu_c.o uCOS-III\Source\os_cfg_app.o uCOS-III\Source\os_core.o uCOS-III\Source\os_dbg.o uCOS-III\Source\os_flag.o uCOS-III\Source\os_int.o uCOS-III\Source\os_mem.o uCOS-III\Source\os_msg.o uCOS-III\Source\os_mutex.o uCOS-III\Source\os_pend_multi.o uCOS-III\Source\os_prio.o uCOS-III\Source\os_q.o uCOS-III\Source\os_sem.o uCOS-III\Source\os_stat.o uCOS-III\Source\os_task.o uCOS-III\Source\os_tick.o uCOS-III\Source\os_time.o uCOS-III\Source\os_tmr.o uCOS-III\Source\os_var.o -mthumb -mcpu=cortex-m4 -mfloat-abi=hard -mfpu=fpv4-sp-d16 -T../Debug_STM32F429ZI_FLASH.ld -specs=nosys.specs -static -Wl,-cref,-u,Reset_Handler -Wl,-Map=OS3.map -Wl,--gc-sections -Wl,--defsym=malloc_getpagesize_P=0x80 -Wl,--start-group -lc -lm -Wl,--end-group -specs=nano.specs 
C:\Program Files (x86)\Atollic\TrueSTUDIO for STM32 9.3.0\ide\jre\bin\java -jar C:\Program Files (x86)\Atollic\TrueSTUDIO for STM32 9.3.0\Tools\arm-atollic-reports.jar sizeinfo list OS3.elf 
Generate build reports...
Print size information
   text	   data	    bss	    dec	    hex	filename
  28136	     36	  13380	  41552	   a250	OS3.elf
Print size information done
Generate listing file
Output sent to: OS3.list
Generate listing file done
Generate build reports done
16:38:25 **** Incremental Build of configuration Debug for project OS3 ****
Info: Internal Builder is used for build
arm-atollic-eabi-gcc -c ..\..\..\BSP\bsp.c -mthumb -mcpu=cortex-m4 -mfloat-abi=hard -mfpu=fpv4-sp-d16 -std=gnu11 -DSTM32F42_43xxx -DUSE_STDPERIPH_DRIVER -IC:/Users/82103/OneDrive/πŸ≈¡ »≠∏È/FireWarning/Examples/ST/STM32F429II-SK/OS3/TrueSTUDIO/../ -IC:/Users/82103/OneDrive/πŸ≈¡ »≠∏È/FireWarning/Examples/ST/STM32F429II-SK/OS3/TrueSTUDIO/../../BSP -IC:/Users/82103/OneDrive/πŸ≈¡ »≠∏È/FireWarning/Examples/ST/STM32F429II-SK/OS3/TrueSTUDIO/../../BSP/ST/STM32F4xx/inc -IC:/Users/82103/OneDrive/πŸ≈¡ »≠∏È/FireWarning/Examples/ST/STM32F429II-SK/OS3/TrueSTUDIO/../../BSP/ST/STM32F4xx/src -IC:/Users/82103/OneDrive/πŸ≈¡ »≠∏È/FireWarning/Examples/ST/STM32F429II-SK/OS3/TrueSTUDIO/../../BSP/TrueSTUDIO -IC:/Users/82103/OneDrive/πŸ≈¡ »≠∏È/FireWarning/Examples/ST/STM32F429II-SK/OS3/TrueSTUDIO/../../../../../Software/uC-CPU/ARM-Cortex-M4/GNU -IC:/Users/82103/OneDrive/πŸ≈¡ »≠∏È/FireWarning/Examples/ST/STM32F429II-SK/OS3/TrueSTUDIO/../../../../../Software/uC-CPU -IC:/Users/82103/OneDrive/πŸ≈¡ »≠∏È/FireWarning/Examples/ST/STM32F429II-SK/OS3/TrueSTUDIO/../../../../../Software/uC-LIB -IC:/Users/82103/OneDrive/πŸ≈¡ »≠∏È/FireWarning/Examples/ST/STM32F429II-SK/OS3/TrueSTUDIO/../../../../../Software/uC-LIB/Ports/ARM-Cortex-M4/GNU -IC:/Users/82103/OneDrive/πŸ≈¡ »≠∏È/FireWarning/Examples/ST/STM32F429II-SK/OS3/TrueSTUDIO/../../../../../Software/uCOS-III/Ports/ARM-Cortex-M4/Generic/GNU -IC:/Users/82103/OneDrive/πŸ≈¡ »≠∏È/FireWarning/Examples/ST/STM32F429II-SK/OS3/TrueSTUDIO/../../../../../Software/uCOS-III/Source -O0 -ffunction-sections -fdata-sections -g -fstack-usage -Wall -specs=nano.specs -o BSP\bsp.o 
..\..\..\BSP\bsp.c: In function 'Bluetooth_IRQHandler':
..\..\..\BSP\bsp.c:1122:36: warning: cast to pointer from integer of different size [-Wint-to-pointer-cast]
   OSTaskQPost(&Task_Bluetooth_TCB, (void*)word, sizeof(word), OS_OPT_POST_FIFO, &err);
                                    ^
arm-atollic-eabi-gcc -o OS3.elf APP\app.o APP\os_app_hooks.o BSP\ST\STM32F4xx\src\misc.o BSP\ST\STM32F4xx\src\stm32f4xx_adc.o BSP\ST\STM32F4xx\src\stm32f4xx_can.o BSP\ST\STM32F4xx\src\stm32f4xx_crc.o BSP\ST\STM32F4xx\src\stm32f4xx_cryp.o BSP\ST\STM32F4xx\src\stm32f4xx_cryp_aes.o BSP\ST\STM32F4xx\src\stm32f4xx_cryp_des.o BSP\ST\STM32F4xx\src\stm32f4xx_cryp_tdes.o BSP\ST\STM32F4xx\src\stm32f4xx_dac.o BSP\ST\STM32F4xx\src\stm32f4xx_dbgmcu.o BSP\ST\STM32F4xx\src\stm32f4xx_dcmi.o BSP\ST\STM32F4xx\src\stm32f4xx_dma.o BSP\ST\STM32F4xx\src\stm32f4xx_exti.o BSP\ST\STM32F4xx\src\stm32f4xx_flash.o BSP\ST\STM32F4xx\src\stm32f4xx_fsmc.o BSP\ST\STM32F4xx\src\stm32f4xx_gpio.o BSP\ST\STM32F4xx\src\stm32f4xx_hash.o BSP\ST\STM32F4xx\src\stm32f4xx_hash_md5.o BSP\ST\STM32F4xx\src\stm32f4xx_hash_sha1.o BSP\ST\STM32F4xx\src\stm32f4xx_i2c.o BSP\ST\STM32F4xx\src\stm32f4xx_iwdg.o BSP\ST\STM32F4xx\src\stm32f4xx_pwr.o BSP\ST\STM32F4xx\src\stm32f4xx_rcc.o BSP\ST\STM32F4xx\src\stm32f4xx_rng.o BSP\ST\STM32F4xx\src\stm32f4xx_rtc.o BSP\ST\STM32F4xx\src\stm32f4xx_sdio.o BSP\ST\STM32F4xx\src\stm32f4xx_spi.o BSP\ST\STM32F4xx\src\stm32f4xx_syscfg.o BSP\ST\STM32F4xx\src\stm32f4xx_tim.o BSP\ST\STM32F4xx\src\stm32f4xx_usart.o BSP\ST\STM32F4xx\src\stm32f4xx_wwdg.o BSP\TrueSTUDIO\cstartup.o BSP\bsp.o BSP\bsp_int.o BSP\bsp_periph.o uC-CPU\ARM-Cortex-M4\GNU\cpu_a.o uC-CPU\ARM-Cortex-M4\GNU\cpu_c.o uC-CPU\cpu_core.o uC-LIB\Ports\ARM-Cortex-M4\GNU\lib_mem_a.o uC-LIB\lib_ascii.o uC-LIB\lib_math.o uC-LIB\lib_mem.o uC-LIB\lib_str.o uCOS-III\Ports\ARM-Cortex-M4\Generic\GNU\os_cpu_a.o uCOS-III\Ports\ARM-Cortex-M4\Generic\GNU\os_cpu_c.o uCOS-III\Source\os_cfg_app.o uCOS-III\Source\os_core.o uCOS-III\Source\os_dbg.o uCOS-III\Source\os_flag.o uCOS-III\Source\os_int.o uCOS-III\Source\os_mem.o uCOS-III\Source\os_msg.o uCOS-III\Source\os_mutex.o uCOS-III\Source\os_pend_multi.o uCOS-III\Source\os_prio.o uCOS-III\Source\os_q.o uCOS-III\Source\os_sem.o uCOS-III\Source\os_stat.o uCOS-III\Source\os_task.o uCOS-III\Source\os_tick.o uCOS-III\Source\os_time.o uCOS-III\Source\os_tmr.o uCOS-III\Source\os_var.o -mthumb -mcpu=cortex-m4 -mfloat-abi=hard -mfpu=fpv4-sp-d16 -T../Debug_STM32F429ZI_FLASH.ld -specs=nosys.specs -static -Wl,-cref,-u,Reset_Handler -Wl,-Map=OS3.map -Wl,--gc-sections -Wl,--defsym=malloc_getpagesize_P=0x80 -Wl,--start-group -lc -lm -Wl,--end-group -specs=nano.specs 
BSP\bsp.o: In function `Bluetooth_IRQHandler':
C:\Users\82103\OneDrive\πŸ≈¡ »≠∏È\FireWarning\Examples\ST\STM32F429II-SK\OS3\TrueSTUDIO\Debug/..\..\..\BSP/bsp.c:1124: undefined reference to `Task_Bluetooth_TCB'
collect2.exe: error: ld returned 1 exit status
16:47:57 **** Incremental Build of configuration Debug for project OS3 ****
Info: Internal Builder is used for build
arm-atollic-eabi-gcc -c ..\..\app.c -mthumb -mcpu=cortex-m4 -mfloat-abi=hard -mfpu=fpv4-sp-d16 -std=gnu11 -DSTM32F42_43xxx -DUSE_STDPERIPH_DRIVER -IC:/Users/82103/OneDrive/πŸ≈¡ »≠∏È/FireWarning/Examples/ST/STM32F429II-SK/OS3/TrueSTUDIO/../ -IC:/Users/82103/OneDrive/πŸ≈¡ »≠∏È/FireWarning/Examples/ST/STM32F429II-SK/OS3/TrueSTUDIO/../../BSP -IC:/Users/82103/OneDrive/πŸ≈¡ »≠∏È/FireWarning/Examples/ST/STM32F429II-SK/OS3/TrueSTUDIO/../../BSP/ST/STM32F4xx/inc -IC:/Users/82103/OneDrive/πŸ≈¡ »≠∏È/FireWarning/Examples/ST/STM32F429II-SK/OS3/TrueSTUDIO/../../BSP/ST/STM32F4xx/src -IC:/Users/82103/OneDrive/πŸ≈¡ »≠∏È/FireWarning/Examples/ST/STM32F429II-SK/OS3/TrueSTUDIO/../../BSP/TrueSTUDIO -IC:/Users/82103/OneDrive/πŸ≈¡ »≠∏È/FireWarning/Examples/ST/STM32F429II-SK/OS3/TrueSTUDIO/../../../../../Software/uC-CPU/ARM-Cortex-M4/GNU -IC:/Users/82103/OneDrive/πŸ≈¡ »≠∏È/FireWarning/Examples/ST/STM32F429II-SK/OS3/TrueSTUDIO/../../../../../Software/uC-CPU -IC:/Users/82103/OneDrive/πŸ≈¡ »≠∏È/FireWarning/Examples/ST/STM32F429II-SK/OS3/TrueSTUDIO/../../../../../Software/uC-LIB -IC:/Users/82103/OneDrive/πŸ≈¡ »≠∏È/FireWarning/Examples/ST/STM32F429II-SK/OS3/TrueSTUDIO/../../../../../Software/uC-LIB/Ports/ARM-Cortex-M4/GNU -IC:/Users/82103/OneDrive/πŸ≈¡ »≠∏È/FireWarning/Examples/ST/STM32F429II-SK/OS3/TrueSTUDIO/../../../../../Software/uCOS-III/Ports/ARM-Cortex-M4/Generic/GNU -IC:/Users/82103/OneDrive/πŸ≈¡ »≠∏È/FireWarning/Examples/ST/STM32F429II-SK/OS3/TrueSTUDIO/../../../../../Software/uCOS-III/Source -O0 -ffunction-sections -fdata-sections -g -fstack-usage -Wall -specs=nano.specs -o APP\app.o 
..\..\app.c: In function 'Bluetooth_IRQHandler':
..\..\app.c:216:9: warning: cast to pointer from integer of different size [-Wint-to-pointer-cast]
         (void*)word,
         ^
..\..\app.c: In function 'AppTask_Bluetooth':
..\..\app.c:228:15: warning: cast from pointer to integer of different size [-Wpointer-to-int-cast]
   char word = (char)OSTaskQPend(0,
               ^
..\..\app.c:234:15: warning: passing argument 1 of 'send_string' makes pointer from integer without a cast [-Wint-conversion]
   send_string(word);
               ^~~~
In file included from c:\users\82103\onedrive\πŸ≈¡ »≠∏È\firewarning\examples\st\stm32f429ii-sk\os3\includes.h:79:0,
                 from ..\..\app.c:37:
c:\users\82103\onedrive\πŸ≈¡ »≠∏È\firewarning\examples\st\stm32f429ii-sk\bsp\bsp.h:456:8: note: expected 'const char *' but argument is of type 'char'
 void   send_string        (const char* str);
        ^~~~~~~~~~~
..\..\app.c: In function 'FireSenTask':
..\..\app.c:340:9: warning: unused variable 'ts' [-Wunused-variable]
  CPU_TS ts;
         ^~
arm-atollic-eabi-gcc -c ..\..\..\BSP\bsp.c -mthumb -mcpu=cortex-m4 -mfloat-abi=hard -mfpu=fpv4-sp-d16 -std=gnu11 -DSTM32F42_43xxx -DUSE_STDPERIPH_DRIVER -IC:/Users/82103/OneDrive/πŸ≈¡ »≠∏È/FireWarning/Examples/ST/STM32F429II-SK/OS3/TrueSTUDIO/../ -IC:/Users/82103/OneDrive/πŸ≈¡ »≠∏È/FireWarning/Examples/ST/STM32F429II-SK/OS3/TrueSTUDIO/../../BSP -IC:/Users/82103/OneDrive/πŸ≈¡ »≠∏È/FireWarning/Examples/ST/STM32F429II-SK/OS3/TrueSTUDIO/../../BSP/ST/STM32F4xx/inc -IC:/Users/82103/OneDrive/πŸ≈¡ »≠∏È/FireWarning/Examples/ST/STM32F429II-SK/OS3/TrueSTUDIO/../../BSP/ST/STM32F4xx/src -IC:/Users/82103/OneDrive/πŸ≈¡ »≠∏È/FireWarning/Examples/ST/STM32F429II-SK/OS3/TrueSTUDIO/../../BSP/TrueSTUDIO -IC:/Users/82103/OneDrive/πŸ≈¡ »≠∏È/FireWarning/Examples/ST/STM32F429II-SK/OS3/TrueSTUDIO/../../../../../Software/uC-CPU/ARM-Cortex-M4/GNU -IC:/Users/82103/OneDrive/πŸ≈¡ »≠∏È/FireWarning/Examples/ST/STM32F429II-SK/OS3/TrueSTUDIO/../../../../../Software/uC-CPU -IC:/Users/82103/OneDrive/πŸ≈¡ »≠∏È/FireWarning/Examples/ST/STM32F429II-SK/OS3/TrueSTUDIO/../../../../../Software/uC-LIB -IC:/Users/82103/OneDrive/πŸ≈¡ »≠∏È/FireWarning/Examples/ST/STM32F429II-SK/OS3/TrueSTUDIO/../../../../../Software/uC-LIB/Ports/ARM-Cortex-M4/GNU -IC:/Users/82103/OneDrive/πŸ≈¡ »≠∏È/FireWarning/Examples/ST/STM32F429II-SK/OS3/TrueSTUDIO/../../../../../Software/uCOS-III/Ports/ARM-Cortex-M4/Generic/GNU -IC:/Users/82103/OneDrive/πŸ≈¡ »≠∏È/FireWarning/Examples/ST/STM32F429II-SK/OS3/TrueSTUDIO/../../../../../Software/uCOS-III/Source -O0 -ffunction-sections -fdata-sections -g -fstack-usage -Wall -specs=nano.specs -o BSP\bsp.o 
arm-atollic-eabi-gcc -o OS3.elf APP\app.o APP\os_app_hooks.o BSP\ST\STM32F4xx\src\misc.o BSP\ST\STM32F4xx\src\stm32f4xx_adc.o BSP\ST\STM32F4xx\src\stm32f4xx_can.o BSP\ST\STM32F4xx\src\stm32f4xx_crc.o BSP\ST\STM32F4xx\src\stm32f4xx_cryp.o BSP\ST\STM32F4xx\src\stm32f4xx_cryp_aes.o BSP\ST\STM32F4xx\src\stm32f4xx_cryp_des.o BSP\ST\STM32F4xx\src\stm32f4xx_cryp_tdes.o BSP\ST\STM32F4xx\src\stm32f4xx_dac.o BSP\ST\STM32F4xx\src\stm32f4xx_dbgmcu.o BSP\ST\STM32F4xx\src\stm32f4xx_dcmi.o BSP\ST\STM32F4xx\src\stm32f4xx_dma.o BSP\ST\STM32F4xx\src\stm32f4xx_exti.o BSP\ST\STM32F4xx\src\stm32f4xx_flash.o BSP\ST\STM32F4xx\src\stm32f4xx_fsmc.o BSP\ST\STM32F4xx\src\stm32f4xx_gpio.o BSP\ST\STM32F4xx\src\stm32f4xx_hash.o BSP\ST\STM32F4xx\src\stm32f4xx_hash_md5.o BSP\ST\STM32F4xx\src\stm32f4xx_hash_sha1.o BSP\ST\STM32F4xx\src\stm32f4xx_i2c.o BSP\ST\STM32F4xx\src\stm32f4xx_iwdg.o BSP\ST\STM32F4xx\src\stm32f4xx_pwr.o BSP\ST\STM32F4xx\src\stm32f4xx_rcc.o BSP\ST\STM32F4xx\src\stm32f4xx_rng.o BSP\ST\STM32F4xx\src\stm32f4xx_rtc.o BSP\ST\STM32F4xx\src\stm32f4xx_sdio.o BSP\ST\STM32F4xx\src\stm32f4xx_spi.o BSP\ST\STM32F4xx\src\stm32f4xx_syscfg.o BSP\ST\STM32F4xx\src\stm32f4xx_tim.o BSP\ST\STM32F4xx\src\stm32f4xx_usart.o BSP\ST\STM32F4xx\src\stm32f4xx_wwdg.o BSP\TrueSTUDIO\cstartup.o BSP\bsp.o BSP\bsp_int.o BSP\bsp_periph.o uC-CPU\ARM-Cortex-M4\GNU\cpu_a.o uC-CPU\ARM-Cortex-M4\GNU\cpu_c.o uC-CPU\cpu_core.o uC-LIB\Ports\ARM-Cortex-M4\GNU\lib_mem_a.o uC-LIB\lib_ascii.o uC-LIB\lib_math.o uC-LIB\lib_mem.o uC-LIB\lib_str.o uCOS-III\Ports\ARM-Cortex-M4\Generic\GNU\os_cpu_a.o uCOS-III\Ports\ARM-Cortex-M4\Generic\GNU\os_cpu_c.o uCOS-III\Source\os_cfg_app.o uCOS-III\Source\os_core.o uCOS-III\Source\os_dbg.o uCOS-III\Source\os_flag.o uCOS-III\Source\os_int.o uCOS-III\Source\os_mem.o uCOS-III\Source\os_msg.o uCOS-III\Source\os_mutex.o uCOS-III\Source\os_pend_multi.o uCOS-III\Source\os_prio.o uCOS-III\Source\os_q.o uCOS-III\Source\os_sem.o uCOS-III\Source\os_stat.o uCOS-III\Source\os_task.o uCOS-III\Source\os_tick.o uCOS-III\Source\os_time.o uCOS-III\Source\os_tmr.o uCOS-III\Source\os_var.o -mthumb -mcpu=cortex-m4 -mfloat-abi=hard -mfpu=fpv4-sp-d16 -T../Debug_STM32F429ZI_FLASH.ld -specs=nosys.specs -static -Wl,-cref,-u,Reset_Handler -Wl,-Map=OS3.map -Wl,--gc-sections -Wl,--defsym=malloc_getpagesize_P=0x80 -Wl,--start-group -lc -lm -Wl,--end-group -specs=nano.specs 
C:\Program Files (x86)\Atollic\TrueSTUDIO for STM32 9.3.0\ide\jre\bin\java -jar C:\Program Files (x86)\Atollic\TrueSTUDIO for STM32 9.3.0\Tools\arm-atollic-reports.jar sizeinfo list OS3.elf 
Generate build reports...
Print size information
   text	   data	    bss	    dec	    hex	filename
  29984	     36	  14084	  44104	   ac48	OS3.elf
Print size information done
Generate listing file
Output sent to: OS3.list
Generate listing file done
Generate build reports done
16:50:29 **** Incremental Build of configuration Debug for project OS3 ****
Info: Internal Builder is used for build
arm-atollic-eabi-gcc -c ..\..\app.c -mthumb -mcpu=cortex-m4 -mfloat-abi=hard -mfpu=fpv4-sp-d16 -std=gnu11 -DSTM32F42_43xxx -DUSE_STDPERIPH_DRIVER -IC:/Users/82103/OneDrive/πŸ≈¡ »≠∏È/FireWarning/Examples/ST/STM32F429II-SK/OS3/TrueSTUDIO/../ -IC:/Users/82103/OneDrive/πŸ≈¡ »≠∏È/FireWarning/Examples/ST/STM32F429II-SK/OS3/TrueSTUDIO/../../BSP -IC:/Users/82103/OneDrive/πŸ≈¡ »≠∏È/FireWarning/Examples/ST/STM32F429II-SK/OS3/TrueSTUDIO/../../BSP/ST/STM32F4xx/inc -IC:/Users/82103/OneDrive/πŸ≈¡ »≠∏È/FireWarning/Examples/ST/STM32F429II-SK/OS3/TrueSTUDIO/../../BSP/ST/STM32F4xx/src -IC:/Users/82103/OneDrive/πŸ≈¡ »≠∏È/FireWarning/Examples/ST/STM32F429II-SK/OS3/TrueSTUDIO/../../BSP/TrueSTUDIO -IC:/Users/82103/OneDrive/πŸ≈¡ »≠∏È/FireWarning/Examples/ST/STM32F429II-SK/OS3/TrueSTUDIO/../../../../../Software/uC-CPU/ARM-Cortex-M4/GNU -IC:/Users/82103/OneDrive/πŸ≈¡ »≠∏È/FireWarning/Examples/ST/STM32F429II-SK/OS3/TrueSTUDIO/../../../../../Software/uC-CPU -IC:/Users/82103/OneDrive/πŸ≈¡ »≠∏È/FireWarning/Examples/ST/STM32F429II-SK/OS3/TrueSTUDIO/../../../../../Software/uC-LIB -IC:/Users/82103/OneDrive/πŸ≈¡ »≠∏È/FireWarning/Examples/ST/STM32F429II-SK/OS3/TrueSTUDIO/../../../../../Software/uC-LIB/Ports/ARM-Cortex-M4/GNU -IC:/Users/82103/OneDrive/πŸ≈¡ »≠∏È/FireWarning/Examples/ST/STM32F429II-SK/OS3/TrueSTUDIO/../../../../../Software/uCOS-III/Ports/ARM-Cortex-M4/Generic/GNU -IC:/Users/82103/OneDrive/πŸ≈¡ »≠∏È/FireWarning/Examples/ST/STM32F429II-SK/OS3/TrueSTUDIO/../../../../../Software/uCOS-III/Source -O0 -ffunction-sections -fdata-sections -g -fstack-usage -Wall -specs=nano.specs -o APP\app.o 
..\..\app.c: In function 'Bluetooth_IRQHandler':
..\..\app.c:216:9: warning: cast to pointer from integer of different size [-Wint-to-pointer-cast]
         (void*)word,
         ^
..\..\app.c: In function 'AppTask_Bluetooth':
..\..\app.c:228:15: warning: cast from pointer to integer of different size [-Wpointer-to-int-cast]
   char word = (char)OSTaskQPend(0,
               ^
..\..\app.c:234:15: warning: passing argument 1 of 'send_string' makes pointer from integer without a cast [-Wint-conversion]
   send_string(word);
               ^~~~
In file included from c:\users\82103\onedrive\πŸ≈¡ »≠∏È\firewarning\examples\st\stm32f429ii-sk\os3\includes.h:79:0,
                 from ..\..\app.c:37:
c:\users\82103\onedrive\πŸ≈¡ »≠∏È\firewarning\examples\st\stm32f429ii-sk\bsp\bsp.h:456:8: note: expected 'const char *' but argument is of type 'char'
 void   send_string        (const char* str);
        ^~~~~~~~~~~
..\..\app.c: In function 'FireSenTask':
..\..\app.c:340:9: warning: unused variable 'ts' [-Wunused-variable]
  CPU_TS ts;
         ^~
At top level:
..\..\app.c:245:13: warning: 'UsartTask' defined but not used [-Wunused-function]
 static void UsartTask(void* p_arg) {
             ^~~~~~~~~
..\..\app.c:84:18: warning: 'UsartTask_Stack' defined but not used [-Wunused-variable]
 static  CPU_STK  UsartTask_Stack[APP_CFG_TASK_START_STK_SIZE];
                  ^~~~~~~~~~~~~~~
..\..\app.c:83:18: warning: 'UsartTask_TCB' defined but not used [-Wunused-variable]
 static  OS_TCB   UsartTask_TCB;
                  ^~~~~~~~~~~~~
arm-atollic-eabi-gcc -o OS3.elf APP\app.o APP\os_app_hooks.o BSP\ST\STM32F4xx\src\misc.o BSP\ST\STM32F4xx\src\stm32f4xx_adc.o BSP\ST\STM32F4xx\src\stm32f4xx_can.o BSP\ST\STM32F4xx\src\stm32f4xx_crc.o BSP\ST\STM32F4xx\src\stm32f4xx_cryp.o BSP\ST\STM32F4xx\src\stm32f4xx_cryp_aes.o BSP\ST\STM32F4xx\src\stm32f4xx_cryp_des.o BSP\ST\STM32F4xx\src\stm32f4xx_cryp_tdes.o BSP\ST\STM32F4xx\src\stm32f4xx_dac.o BSP\ST\STM32F4xx\src\stm32f4xx_dbgmcu.o BSP\ST\STM32F4xx\src\stm32f4xx_dcmi.o BSP\ST\STM32F4xx\src\stm32f4xx_dma.o BSP\ST\STM32F4xx\src\stm32f4xx_exti.o BSP\ST\STM32F4xx\src\stm32f4xx_flash.o BSP\ST\STM32F4xx\src\stm32f4xx_fsmc.o BSP\ST\STM32F4xx\src\stm32f4xx_gpio.o BSP\ST\STM32F4xx\src\stm32f4xx_hash.o BSP\ST\STM32F4xx\src\stm32f4xx_hash_md5.o BSP\ST\STM32F4xx\src\stm32f4xx_hash_sha1.o BSP\ST\STM32F4xx\src\stm32f4xx_i2c.o BSP\ST\STM32F4xx\src\stm32f4xx_iwdg.o BSP\ST\STM32F4xx\src\stm32f4xx_pwr.o BSP\ST\STM32F4xx\src\stm32f4xx_rcc.o BSP\ST\STM32F4xx\src\stm32f4xx_rng.o BSP\ST\STM32F4xx\src\stm32f4xx_rtc.o BSP\ST\STM32F4xx\src\stm32f4xx_sdio.o BSP\ST\STM32F4xx\src\stm32f4xx_spi.o BSP\ST\STM32F4xx\src\stm32f4xx_syscfg.o BSP\ST\STM32F4xx\src\stm32f4xx_tim.o BSP\ST\STM32F4xx\src\stm32f4xx_usart.o BSP\ST\STM32F4xx\src\stm32f4xx_wwdg.o BSP\TrueSTUDIO\cstartup.o BSP\bsp.o BSP\bsp_int.o BSP\bsp_periph.o uC-CPU\ARM-Cortex-M4\GNU\cpu_a.o uC-CPU\ARM-Cortex-M4\GNU\cpu_c.o uC-CPU\cpu_core.o uC-LIB\Ports\ARM-Cortex-M4\GNU\lib_mem_a.o uC-LIB\lib_ascii.o uC-LIB\lib_math.o uC-LIB\lib_mem.o uC-LIB\lib_str.o uCOS-III\Ports\ARM-Cortex-M4\Generic\GNU\os_cpu_a.o uCOS-III\Ports\ARM-Cortex-M4\Generic\GNU\os_cpu_c.o uCOS-III\Source\os_cfg_app.o uCOS-III\Source\os_core.o uCOS-III\Source\os_dbg.o uCOS-III\Source\os_flag.o uCOS-III\Source\os_int.o uCOS-III\Source\os_mem.o uCOS-III\Source\os_msg.o uCOS-III\Source\os_mutex.o uCOS-III\Source\os_pend_multi.o uCOS-III\Source\os_prio.o uCOS-III\Source\os_q.o uCOS-III\Source\os_sem.o uCOS-III\Source\os_stat.o uCOS-III\Source\os_task.o uCOS-III\Source\os_tick.o uCOS-III\Source\os_time.o uCOS-III\Source\os_tmr.o uCOS-III\Source\os_var.o -mthumb -mcpu=cortex-m4 -mfloat-abi=hard -mfpu=fpv4-sp-d16 -T../Debug_STM32F429ZI_FLASH.ld -specs=nosys.specs -static -Wl,-cref,-u,Reset_Handler -Wl,-Map=OS3.map -Wl,--gc-sections -Wl,--defsym=malloc_getpagesize_P=0x80 -Wl,--start-group -lc -lm -Wl,--end-group -specs=nano.specs 
C:\Program Files (x86)\Atollic\TrueSTUDIO for STM32 9.3.0\ide\jre\bin\java -jar C:\Program Files (x86)\Atollic\TrueSTUDIO for STM32 9.3.0\Tools\arm-atollic-reports.jar sizeinfo list OS3.elf 
Generate build reports...
Print size information
   text	   data	    bss	    dec	    hex	filename
  28596	     36	  13380	  42012	   a41c	OS3.elf
Print size information done
Generate listing file
Output sent to: OS3.list
Generate listing file done
Generate build reports done
16:51:25 **** Incremental Build of configuration Debug for project OS3 ****
Info: Internal Builder is used for build
arm-atollic-eabi-gcc -c ..\..\app.c -mthumb -mcpu=cortex-m4 -mfloat-abi=hard -mfpu=fpv4-sp-d16 -std=gnu11 -DSTM32F42_43xxx -DUSE_STDPERIPH_DRIVER -IC:/Users/82103/OneDrive/πŸ≈¡ »≠∏È/FireWarning/Examples/ST/STM32F429II-SK/OS3/TrueSTUDIO/../ -IC:/Users/82103/OneDrive/πŸ≈¡ »≠∏È/FireWarning/Examples/ST/STM32F429II-SK/OS3/TrueSTUDIO/../../BSP -IC:/Users/82103/OneDrive/πŸ≈¡ »≠∏È/FireWarning/Examples/ST/STM32F429II-SK/OS3/TrueSTUDIO/../../BSP/ST/STM32F4xx/inc -IC:/Users/82103/OneDrive/πŸ≈¡ »≠∏È/FireWarning/Examples/ST/STM32F429II-SK/OS3/TrueSTUDIO/../../BSP/ST/STM32F4xx/src -IC:/Users/82103/OneDrive/πŸ≈¡ »≠∏È/FireWarning/Examples/ST/STM32F429II-SK/OS3/TrueSTUDIO/../../BSP/TrueSTUDIO -IC:/Users/82103/OneDrive/πŸ≈¡ »≠∏È/FireWarning/Examples/ST/STM32F429II-SK/OS3/TrueSTUDIO/../../../../../Software/uC-CPU/ARM-Cortex-M4/GNU -IC:/Users/82103/OneDrive/πŸ≈¡ »≠∏È/FireWarning/Examples/ST/STM32F429II-SK/OS3/TrueSTUDIO/../../../../../Software/uC-CPU -IC:/Users/82103/OneDrive/πŸ≈¡ »≠∏È/FireWarning/Examples/ST/STM32F429II-SK/OS3/TrueSTUDIO/../../../../../Software/uC-LIB -IC:/Users/82103/OneDrive/πŸ≈¡ »≠∏È/FireWarning/Examples/ST/STM32F429II-SK/OS3/TrueSTUDIO/../../../../../Software/uC-LIB/Ports/ARM-Cortex-M4/GNU -IC:/Users/82103/OneDrive/πŸ≈¡ »≠∏È/FireWarning/Examples/ST/STM32F429II-SK/OS3/TrueSTUDIO/../../../../../Software/uCOS-III/Ports/ARM-Cortex-M4/Generic/GNU -IC:/Users/82103/OneDrive/πŸ≈¡ »≠∏È/FireWarning/Examples/ST/STM32F429II-SK/OS3/TrueSTUDIO/../../../../../Software/uCOS-III/Source -O0 -ffunction-sections -fdata-sections -g -fstack-usage -Wall -specs=nano.specs -o APP\app.o 
..\..\app.c: In function 'Bluetooth_IRQHandler':
..\..\app.c:216:9: warning: cast to pointer from integer of different size [-Wint-to-pointer-cast]
         (void*)word,
         ^
..\..\app.c: In function 'AppTask_Bluetooth':
..\..\app.c:228:15: warning: cast from pointer to integer of different size [-Wpointer-to-int-cast]
   char word = (char)OSTaskQPend(0,
               ^
..\..\app.c:234:15: warning: passing argument 1 of 'send_string' makes pointer from integer without a cast [-Wint-conversion]
   send_string(word);
               ^~~~
In file included from c:\users\82103\onedrive\πŸ≈¡ »≠∏È\firewarning\examples\st\stm32f429ii-sk\os3\includes.h:79:0,
                 from ..\..\app.c:37:
c:\users\82103\onedrive\πŸ≈¡ »≠∏È\firewarning\examples\st\stm32f429ii-sk\bsp\bsp.h:456:8: note: expected 'const char *' but argument is of type 'char'
 void   send_string        (const char* str);
        ^~~~~~~~~~~
..\..\app.c: In function 'FireSenTask':
..\..\app.c:340:9: warning: unused variable 'ts' [-Wunused-variable]
  CPU_TS ts;
         ^~
At top level:
..\..\app.c:338:13: warning: 'FireSenTask' defined but not used [-Wunused-function]
 static void FireSenTask(void *p_arg){
             ^~~~~~~~~~~
..\..\app.c:245:13: warning: 'UsartTask' defined but not used [-Wunused-function]
 static void UsartTask(void* p_arg) {
             ^~~~~~~~~
..\..\app.c:91:17: warning: 'FireSenTask_Stack' defined but not used [-Wunused-variable]
 static CPU_STK  FireSenTask_Stack[APP_CFG_TASK_START_STK_SIZE];
                 ^~~~~~~~~~~~~~~~~
..\..\app.c:90:16: warning: 'FireSenTask_TCB' defined but not used [-Wunused-variable]
 static OS_TCB  FireSenTask_TCB;
                ^~~~~~~~~~~~~~~
..\..\app.c:84:18: warning: 'UsartTask_Stack' defined but not used [-Wunused-variable]
 static  CPU_STK  UsartTask_Stack[APP_CFG_TASK_START_STK_SIZE];
                  ^~~~~~~~~~~~~~~
..\..\app.c:83:18: warning: 'UsartTask_TCB' defined but not used [-Wunused-variable]
 static  OS_TCB   UsartTask_TCB;
                  ^~~~~~~~~~~~~
arm-atollic-eabi-gcc -o OS3.elf APP\app.o APP\os_app_hooks.o BSP\ST\STM32F4xx\src\misc.o BSP\ST\STM32F4xx\src\stm32f4xx_adc.o BSP\ST\STM32F4xx\src\stm32f4xx_can.o BSP\ST\STM32F4xx\src\stm32f4xx_crc.o BSP\ST\STM32F4xx\src\stm32f4xx_cryp.o BSP\ST\STM32F4xx\src\stm32f4xx_cryp_aes.o BSP\ST\STM32F4xx\src\stm32f4xx_cryp_des.o BSP\ST\STM32F4xx\src\stm32f4xx_cryp_tdes.o BSP\ST\STM32F4xx\src\stm32f4xx_dac.o BSP\ST\STM32F4xx\src\stm32f4xx_dbgmcu.o BSP\ST\STM32F4xx\src\stm32f4xx_dcmi.o BSP\ST\STM32F4xx\src\stm32f4xx_dma.o BSP\ST\STM32F4xx\src\stm32f4xx_exti.o BSP\ST\STM32F4xx\src\stm32f4xx_flash.o BSP\ST\STM32F4xx\src\stm32f4xx_fsmc.o BSP\ST\STM32F4xx\src\stm32f4xx_gpio.o BSP\ST\STM32F4xx\src\stm32f4xx_hash.o BSP\ST\STM32F4xx\src\stm32f4xx_hash_md5.o BSP\ST\STM32F4xx\src\stm32f4xx_hash_sha1.o BSP\ST\STM32F4xx\src\stm32f4xx_i2c.o BSP\ST\STM32F4xx\src\stm32f4xx_iwdg.o BSP\ST\STM32F4xx\src\stm32f4xx_pwr.o BSP\ST\STM32F4xx\src\stm32f4xx_rcc.o BSP\ST\STM32F4xx\src\stm32f4xx_rng.o BSP\ST\STM32F4xx\src\stm32f4xx_rtc.o BSP\ST\STM32F4xx\src\stm32f4xx_sdio.o BSP\ST\STM32F4xx\src\stm32f4xx_spi.o BSP\ST\STM32F4xx\src\stm32f4xx_syscfg.o BSP\ST\STM32F4xx\src\stm32f4xx_tim.o BSP\ST\STM32F4xx\src\stm32f4xx_usart.o BSP\ST\STM32F4xx\src\stm32f4xx_wwdg.o BSP\TrueSTUDIO\cstartup.o BSP\bsp.o BSP\bsp_int.o BSP\bsp_periph.o uC-CPU\ARM-Cortex-M4\GNU\cpu_a.o uC-CPU\ARM-Cortex-M4\GNU\cpu_c.o uC-CPU\cpu_core.o uC-LIB\Ports\ARM-Cortex-M4\GNU\lib_mem_a.o uC-LIB\lib_ascii.o uC-LIB\lib_math.o uC-LIB\lib_mem.o uC-LIB\lib_str.o uCOS-III\Ports\ARM-Cortex-M4\Generic\GNU\os_cpu_a.o uCOS-III\Ports\ARM-Cortex-M4\Generic\GNU\os_cpu_c.o uCOS-III\Source\os_cfg_app.o uCOS-III\Source\os_core.o uCOS-III\Source\os_dbg.o uCOS-III\Source\os_flag.o uCOS-III\Source\os_int.o uCOS-III\Source\os_mem.o uCOS-III\Source\os_msg.o uCOS-III\Source\os_mutex.o uCOS-III\Source\os_pend_multi.o uCOS-III\Source\os_prio.o uCOS-III\Source\os_q.o uCOS-III\Source\os_sem.o uCOS-III\Source\os_stat.o uCOS-III\Source\os_task.o uCOS-III\Source\os_tick.o uCOS-III\Source\os_time.o uCOS-III\Source\os_tmr.o uCOS-III\Source\os_var.o -mthumb -mcpu=cortex-m4 -mfloat-abi=hard -mfpu=fpv4-sp-d16 -T../Debug_STM32F429ZI_FLASH.ld -specs=nosys.specs -static -Wl,-cref,-u,Reset_Handler -Wl,-Map=OS3.map -Wl,--gc-sections -Wl,--defsym=malloc_getpagesize_P=0x80 -Wl,--start-group -lc -lm -Wl,--end-group -specs=nano.specs 
C:\Program Files (x86)\Atollic\TrueSTUDIO for STM32 9.3.0\ide\jre\bin\java -jar C:\Program Files (x86)\Atollic\TrueSTUDIO for STM32 9.3.0\Tools\arm-atollic-reports.jar sizeinfo list OS3.elf 
Generate build reports...
Print size information
   text	   data	    bss	    dec	    hex	filename
  28016	     36	  12676	  40728	   9f18	OS3.elf
Print size information done
Generate listing file
Output sent to: OS3.list
Generate listing file done
Generate build reports done
16:57:50 **** Incremental Build of configuration Debug for project OS3 ****
Info: Internal Builder is used for build
arm-atollic-eabi-gcc -c ..\..\..\BSP\bsp.c -mthumb -mcpu=cortex-m4 -mfloat-abi=hard -mfpu=fpv4-sp-d16 -std=gnu11 -DSTM32F42_43xxx -DUSE_STDPERIPH_DRIVER -IC:/Users/82103/OneDrive/πŸ≈¡ »≠∏È/FireWarning/Examples/ST/STM32F429II-SK/OS3/TrueSTUDIO/../ -IC:/Users/82103/OneDrive/πŸ≈¡ »≠∏È/FireWarning/Examples/ST/STM32F429II-SK/OS3/TrueSTUDIO/../../BSP -IC:/Users/82103/OneDrive/πŸ≈¡ »≠∏È/FireWarning/Examples/ST/STM32F429II-SK/OS3/TrueSTUDIO/../../BSP/ST/STM32F4xx/inc -IC:/Users/82103/OneDrive/πŸ≈¡ »≠∏È/FireWarning/Examples/ST/STM32F429II-SK/OS3/TrueSTUDIO/../../BSP/ST/STM32F4xx/src -IC:/Users/82103/OneDrive/πŸ≈¡ »≠∏È/FireWarning/Examples/ST/STM32F429II-SK/OS3/TrueSTUDIO/../../BSP/TrueSTUDIO -IC:/Users/82103/OneDrive/πŸ≈¡ »≠∏È/FireWarning/Examples/ST/STM32F429II-SK/OS3/TrueSTUDIO/../../../../../Software/uC-CPU/ARM-Cortex-M4/GNU -IC:/Users/82103/OneDrive/πŸ≈¡ »≠∏È/FireWarning/Examples/ST/STM32F429II-SK/OS3/TrueSTUDIO/../../../../../Software/uC-CPU -IC:/Users/82103/OneDrive/πŸ≈¡ »≠∏È/FireWarning/Examples/ST/STM32F429II-SK/OS3/TrueSTUDIO/../../../../../Software/uC-LIB -IC:/Users/82103/OneDrive/πŸ≈¡ »≠∏È/FireWarning/Examples/ST/STM32F429II-SK/OS3/TrueSTUDIO/../../../../../Software/uC-LIB/Ports/ARM-Cortex-M4/GNU -IC:/Users/82103/OneDrive/πŸ≈¡ »≠∏È/FireWarning/Examples/ST/STM32F429II-SK/OS3/TrueSTUDIO/../../../../../Software/uCOS-III/Ports/ARM-Cortex-M4/Generic/GNU -IC:/Users/82103/OneDrive/πŸ≈¡ »≠∏È/FireWarning/Examples/ST/STM32F429II-SK/OS3/TrueSTUDIO/../../../../../Software/uCOS-III/Source -O0 -ffunction-sections -fdata-sections -g -fstack-usage -Wall -specs=nano.specs -o BSP\bsp.o 
arm-atollic-eabi-gcc -c ..\..\app.c -mthumb -mcpu=cortex-m4 -mfloat-abi=hard -mfpu=fpv4-sp-d16 -std=gnu11 -DSTM32F42_43xxx -DUSE_STDPERIPH_DRIVER -IC:/Users/82103/OneDrive/πŸ≈¡ »≠∏È/FireWarning/Examples/ST/STM32F429II-SK/OS3/TrueSTUDIO/../ -IC:/Users/82103/OneDrive/πŸ≈¡ »≠∏È/FireWarning/Examples/ST/STM32F429II-SK/OS3/TrueSTUDIO/../../BSP -IC:/Users/82103/OneDrive/πŸ≈¡ »≠∏È/FireWarning/Examples/ST/STM32F429II-SK/OS3/TrueSTUDIO/../../BSP/ST/STM32F4xx/inc -IC:/Users/82103/OneDrive/πŸ≈¡ »≠∏È/FireWarning/Examples/ST/STM32F429II-SK/OS3/TrueSTUDIO/../../BSP/ST/STM32F4xx/src -IC:/Users/82103/OneDrive/πŸ≈¡ »≠∏È/FireWarning/Examples/ST/STM32F429II-SK/OS3/TrueSTUDIO/../../BSP/TrueSTUDIO -IC:/Users/82103/OneDrive/πŸ≈¡ »≠∏È/FireWarning/Examples/ST/STM32F429II-SK/OS3/TrueSTUDIO/../../../../../Software/uC-CPU/ARM-Cortex-M4/GNU -IC:/Users/82103/OneDrive/πŸ≈¡ »≠∏È/FireWarning/Examples/ST/STM32F429II-SK/OS3/TrueSTUDIO/../../../../../Software/uC-CPU -IC:/Users/82103/OneDrive/πŸ≈¡ »≠∏È/FireWarning/Examples/ST/STM32F429II-SK/OS3/TrueSTUDIO/../../../../../Software/uC-LIB -IC:/Users/82103/OneDrive/πŸ≈¡ »≠∏È/FireWarning/Examples/ST/STM32F429II-SK/OS3/TrueSTUDIO/../../../../../Software/uC-LIB/Ports/ARM-Cortex-M4/GNU -IC:/Users/82103/OneDrive/πŸ≈¡ »≠∏È/FireWarning/Examples/ST/STM32F429II-SK/OS3/TrueSTUDIO/../../../../../Software/uCOS-III/Ports/ARM-Cortex-M4/Generic/GNU -IC:/Users/82103/OneDrive/πŸ≈¡ »≠∏È/FireWarning/Examples/ST/STM32F429II-SK/OS3/TrueSTUDIO/../../../../../Software/uCOS-III/Source -O0 -ffunction-sections -fdata-sections -g -fstack-usage -Wall -specs=nano.specs -o APP\app.o 
..\..\app.c: In function 'Bluetooth_IRQHandler':
..\..\app.c:216:9: warning: cast to pointer from integer of different size [-Wint-to-pointer-cast]
         (void *)word,
         ^
..\..\app.c: In function 'AppTask_Bluetooth':
..\..\app.c:228:15: warning: cast from pointer to integer of different size [-Wpointer-to-int-cast]
   char word = (char)OSTaskQPend(0,
               ^
..\..\app.c:234:15: warning: passing argument 1 of 'send_string' makes pointer from integer without a cast [-Wint-conversion]
   send_string(word);
               ^~~~
In file included from c:\users\82103\onedrive\πŸ≈¡ »≠∏È\firewarning\examples\st\stm32f429ii-sk\os3\includes.h:79:0,
                 from ..\..\app.c:37:
c:\users\82103\onedrive\πŸ≈¡ »≠∏È\firewarning\examples\st\stm32f429ii-sk\bsp\bsp.h:456:8: note: expected 'const char *' but argument is of type 'char'
 void   send_string        (const char* str);
        ^~~~~~~~~~~
..\..\app.c: In function 'FireSenTask':
..\..\app.c:340:9: warning: unused variable 'ts' [-Wunused-variable]
  CPU_TS ts;
         ^~
At top level:
..\..\app.c:338:13: warning: 'FireSenTask' defined but not used [-Wunused-function]
 static void FireSenTask(void *p_arg){
             ^~~~~~~~~~~
..\..\app.c:245:13: warning: 'UsartTask' defined but not used [-Wunused-function]
 static void UsartTask(void* p_arg) {
             ^~~~~~~~~
..\..\app.c:91:17: warning: 'FireSenTask_Stack' defined but not used [-Wunused-variable]
 static CPU_STK  FireSenTask_Stack[APP_CFG_TASK_START_STK_SIZE];
                 ^~~~~~~~~~~~~~~~~
..\..\app.c:90:16: warning: 'FireSenTask_TCB' defined but not used [-Wunused-variable]
 static OS_TCB  FireSenTask_TCB;
                ^~~~~~~~~~~~~~~
..\..\app.c:84:18: warning: 'UsartTask_Stack' defined but not used [-Wunused-variable]
 static  CPU_STK  UsartTask_Stack[APP_CFG_TASK_START_STK_SIZE];
                  ^~~~~~~~~~~~~~~
..\..\app.c:83:18: warning: 'UsartTask_TCB' defined but not used [-Wunused-variable]
 static  OS_TCB   UsartTask_TCB;
                  ^~~~~~~~~~~~~
arm-atollic-eabi-gcc -o OS3.elf APP\app.o APP\os_app_hooks.o BSP\ST\STM32F4xx\src\misc.o BSP\ST\STM32F4xx\src\stm32f4xx_adc.o BSP\ST\STM32F4xx\src\stm32f4xx_can.o BSP\ST\STM32F4xx\src\stm32f4xx_crc.o BSP\ST\STM32F4xx\src\stm32f4xx_cryp.o BSP\ST\STM32F4xx\src\stm32f4xx_cryp_aes.o BSP\ST\STM32F4xx\src\stm32f4xx_cryp_des.o BSP\ST\STM32F4xx\src\stm32f4xx_cryp_tdes.o BSP\ST\STM32F4xx\src\stm32f4xx_dac.o BSP\ST\STM32F4xx\src\stm32f4xx_dbgmcu.o BSP\ST\STM32F4xx\src\stm32f4xx_dcmi.o BSP\ST\STM32F4xx\src\stm32f4xx_dma.o BSP\ST\STM32F4xx\src\stm32f4xx_exti.o BSP\ST\STM32F4xx\src\stm32f4xx_flash.o BSP\ST\STM32F4xx\src\stm32f4xx_fsmc.o BSP\ST\STM32F4xx\src\stm32f4xx_gpio.o BSP\ST\STM32F4xx\src\stm32f4xx_hash.o BSP\ST\STM32F4xx\src\stm32f4xx_hash_md5.o BSP\ST\STM32F4xx\src\stm32f4xx_hash_sha1.o BSP\ST\STM32F4xx\src\stm32f4xx_i2c.o BSP\ST\STM32F4xx\src\stm32f4xx_iwdg.o BSP\ST\STM32F4xx\src\stm32f4xx_pwr.o BSP\ST\STM32F4xx\src\stm32f4xx_rcc.o BSP\ST\STM32F4xx\src\stm32f4xx_rng.o BSP\ST\STM32F4xx\src\stm32f4xx_rtc.o BSP\ST\STM32F4xx\src\stm32f4xx_sdio.o BSP\ST\STM32F4xx\src\stm32f4xx_spi.o BSP\ST\STM32F4xx\src\stm32f4xx_syscfg.o BSP\ST\STM32F4xx\src\stm32f4xx_tim.o BSP\ST\STM32F4xx\src\stm32f4xx_usart.o BSP\ST\STM32F4xx\src\stm32f4xx_wwdg.o BSP\TrueSTUDIO\cstartup.o BSP\bsp.o BSP\bsp_int.o BSP\bsp_periph.o uC-CPU\ARM-Cortex-M4\GNU\cpu_a.o uC-CPU\ARM-Cortex-M4\GNU\cpu_c.o uC-CPU\cpu_core.o uC-LIB\Ports\ARM-Cortex-M4\GNU\lib_mem_a.o uC-LIB\lib_ascii.o uC-LIB\lib_math.o uC-LIB\lib_mem.o uC-LIB\lib_str.o uCOS-III\Ports\ARM-Cortex-M4\Generic\GNU\os_cpu_a.o uCOS-III\Ports\ARM-Cortex-M4\Generic\GNU\os_cpu_c.o uCOS-III\Source\os_cfg_app.o uCOS-III\Source\os_core.o uCOS-III\Source\os_dbg.o uCOS-III\Source\os_flag.o uCOS-III\Source\os_int.o uCOS-III\Source\os_mem.o uCOS-III\Source\os_msg.o uCOS-III\Source\os_mutex.o uCOS-III\Source\os_pend_multi.o uCOS-III\Source\os_prio.o uCOS-III\Source\os_q.o uCOS-III\Source\os_sem.o uCOS-III\Source\os_stat.o uCOS-III\Source\os_task.o uCOS-III\Source\os_tick.o uCOS-III\Source\os_time.o uCOS-III\Source\os_tmr.o uCOS-III\Source\os_var.o -mthumb -mcpu=cortex-m4 -mfloat-abi=hard -mfpu=fpv4-sp-d16 -T../Debug_STM32F429ZI_FLASH.ld -specs=nosys.specs -static -Wl,-cref,-u,Reset_Handler -Wl,-Map=OS3.map -Wl,--gc-sections -Wl,--defsym=malloc_getpagesize_P=0x80 -Wl,--start-group -lc -lm -Wl,--end-group -specs=nano.specs 
C:\Program Files (x86)\Atollic\TrueSTUDIO for STM32 9.3.0\ide\jre\bin\java -jar C:\Program Files (x86)\Atollic\TrueSTUDIO for STM32 9.3.0\Tools\arm-atollic-reports.jar sizeinfo list OS3.elf 
Generate build reports...
Print size information
   text	   data	    bss	    dec	    hex	filename
  28016	     36	  12676	  40728	   9f18	OS3.elf
Print size information done
Generate listing file
Output sent to: OS3.list
Generate listing file done
Generate build reports done
17:02:37 **** Incremental Build of configuration Debug for project OS3 ****
Info: Internal Builder is used for build
arm-atollic-eabi-gcc -c ..\..\app.c -mthumb -mcpu=cortex-m4 -mfloat-abi=hard -mfpu=fpv4-sp-d16 -std=gnu11 -DSTM32F42_43xxx -DUSE_STDPERIPH_DRIVER -IC:/Users/82103/OneDrive/πŸ≈¡ »≠∏È/FireWarning/Examples/ST/STM32F429II-SK/OS3/TrueSTUDIO/../ -IC:/Users/82103/OneDrive/πŸ≈¡ »≠∏È/FireWarning/Examples/ST/STM32F429II-SK/OS3/TrueSTUDIO/../../BSP -IC:/Users/82103/OneDrive/πŸ≈¡ »≠∏È/FireWarning/Examples/ST/STM32F429II-SK/OS3/TrueSTUDIO/../../BSP/ST/STM32F4xx/inc -IC:/Users/82103/OneDrive/πŸ≈¡ »≠∏È/FireWarning/Examples/ST/STM32F429II-SK/OS3/TrueSTUDIO/../../BSP/ST/STM32F4xx/src -IC:/Users/82103/OneDrive/πŸ≈¡ »≠∏È/FireWarning/Examples/ST/STM32F429II-SK/OS3/TrueSTUDIO/../../BSP/TrueSTUDIO -IC:/Users/82103/OneDrive/πŸ≈¡ »≠∏È/FireWarning/Examples/ST/STM32F429II-SK/OS3/TrueSTUDIO/../../../../../Software/uC-CPU/ARM-Cortex-M4/GNU -IC:/Users/82103/OneDrive/πŸ≈¡ »≠∏È/FireWarning/Examples/ST/STM32F429II-SK/OS3/TrueSTUDIO/../../../../../Software/uC-CPU -IC:/Users/82103/OneDrive/πŸ≈¡ »≠∏È/FireWarning/Examples/ST/STM32F429II-SK/OS3/TrueSTUDIO/../../../../../Software/uC-LIB -IC:/Users/82103/OneDrive/πŸ≈¡ »≠∏È/FireWarning/Examples/ST/STM32F429II-SK/OS3/TrueSTUDIO/../../../../../Software/uC-LIB/Ports/ARM-Cortex-M4/GNU -IC:/Users/82103/OneDrive/πŸ≈¡ »≠∏È/FireWarning/Examples/ST/STM32F429II-SK/OS3/TrueSTUDIO/../../../../../Software/uCOS-III/Ports/ARM-Cortex-M4/Generic/GNU -IC:/Users/82103/OneDrive/πŸ≈¡ »≠∏È/FireWarning/Examples/ST/STM32F429II-SK/OS3/TrueSTUDIO/../../../../../Software/uCOS-III/Source -O0 -ffunction-sections -fdata-sections -g -fstack-usage -Wall -specs=nano.specs -o APP\app.o 
..\..\app.c: In function 'Bluetooth_IRQHandler':
..\..\app.c:213:18: error: 'Nucleo_COM3' undeclared (first use in this function)
   USART_SendData(Nucleo_COM3, word);
                  ^~~~~~~~~~~
..\..\app.c:213:18: note: each undeclared identifier is reported only once for each function it appears in
..\..\app.c:216:9: warning: cast to pointer from integer of different size [-Wint-to-pointer-cast]
         (void *)word,
         ^
..\..\app.c: In function 'AppTask_Bluetooth':
..\..\app.c:228:15: warning: cast from pointer to integer of different size [-Wpointer-to-int-cast]
   char word = (char)OSTaskQPend(0,
               ^
..\..\app.c:234:15: warning: passing argument 1 of 'send_string' makes pointer from integer without a cast [-Wint-conversion]
   send_string(word);
               ^~~~
In file included from c:\users\82103\onedrive\πŸ≈¡ »≠∏È\firewarning\examples\st\stm32f429ii-sk\os3\includes.h:79:0,
                 from ..\..\app.c:37:
c:\users\82103\onedrive\πŸ≈¡ »≠∏È\firewarning\examples\st\stm32f429ii-sk\bsp\bsp.h:456:8: note: expected 'const char *' but argument is of type 'char'
 void   send_string        (const char* str);
        ^~~~~~~~~~~
..\..\app.c: In function 'FireSenTask':
..\..\app.c:340:9: warning: unused variable 'ts' [-Wunused-variable]
  CPU_TS ts;
         ^~
At top level:
..\..\app.c:338:13: warning: 'FireSenTask' defined but not used [-Wunused-function]
 static void FireSenTask(void *p_arg){
             ^~~~~~~~~~~
..\..\app.c:245:13: warning: 'UsartTask' defined but not used [-Wunused-function]
 static void UsartTask(void* p_arg) {
             ^~~~~~~~~
..\..\app.c:91:17: warning: 'FireSenTask_Stack' defined but not used [-Wunused-variable]
 static CPU_STK  FireSenTask_Stack[APP_CFG_TASK_START_STK_SIZE];
                 ^~~~~~~~~~~~~~~~~
..\..\app.c:90:16: warning: 'FireSenTask_TCB' defined but not used [-Wunused-variable]
 static OS_TCB  FireSenTask_TCB;
                ^~~~~~~~~~~~~~~
..\..\app.c:84:18: warning: 'UsartTask_Stack' defined but not used [-Wunused-variable]
 static  CPU_STK  UsartTask_Stack[APP_CFG_TASK_START_STK_SIZE];
                  ^~~~~~~~~~~~~~~
..\..\app.c:83:18: warning: 'UsartTask_TCB' defined but not used [-Wunused-variable]
 static  OS_TCB   UsartTask_TCB;
                  ^~~~~~~~~~~~~
17:03:07 **** Incremental Build of configuration Debug for project OS3 ****
Info: Internal Builder is used for build
arm-atollic-eabi-gcc -c ..\..\app.c -mthumb -mcpu=cortex-m4 -mfloat-abi=hard -mfpu=fpv4-sp-d16 -std=gnu11 -DSTM32F42_43xxx -DUSE_STDPERIPH_DRIVER -IC:/Users/82103/OneDrive/πŸ≈¡ »≠∏È/FireWarning/Examples/ST/STM32F429II-SK/OS3/TrueSTUDIO/../ -IC:/Users/82103/OneDrive/πŸ≈¡ »≠∏È/FireWarning/Examples/ST/STM32F429II-SK/OS3/TrueSTUDIO/../../BSP -IC:/Users/82103/OneDrive/πŸ≈¡ »≠∏È/FireWarning/Examples/ST/STM32F429II-SK/OS3/TrueSTUDIO/../../BSP/ST/STM32F4xx/inc -IC:/Users/82103/OneDrive/πŸ≈¡ »≠∏È/FireWarning/Examples/ST/STM32F429II-SK/OS3/TrueSTUDIO/../../BSP/ST/STM32F4xx/src -IC:/Users/82103/OneDrive/πŸ≈¡ »≠∏È/FireWarning/Examples/ST/STM32F429II-SK/OS3/TrueSTUDIO/../../BSP/TrueSTUDIO -IC:/Users/82103/OneDrive/πŸ≈¡ »≠∏È/FireWarning/Examples/ST/STM32F429II-SK/OS3/TrueSTUDIO/../../../../../Software/uC-CPU/ARM-Cortex-M4/GNU -IC:/Users/82103/OneDrive/πŸ≈¡ »≠∏È/FireWarning/Examples/ST/STM32F429II-SK/OS3/TrueSTUDIO/../../../../../Software/uC-CPU -IC:/Users/82103/OneDrive/πŸ≈¡ »≠∏È/FireWarning/Examples/ST/STM32F429II-SK/OS3/TrueSTUDIO/../../../../../Software/uC-LIB -IC:/Users/82103/OneDrive/πŸ≈¡ »≠∏È/FireWarning/Examples/ST/STM32F429II-SK/OS3/TrueSTUDIO/../../../../../Software/uC-LIB/Ports/ARM-Cortex-M4/GNU -IC:/Users/82103/OneDrive/πŸ≈¡ »≠∏È/FireWarning/Examples/ST/STM32F429II-SK/OS3/TrueSTUDIO/../../../../../Software/uCOS-III/Ports/ARM-Cortex-M4/Generic/GNU -IC:/Users/82103/OneDrive/πŸ≈¡ »≠∏È/FireWarning/Examples/ST/STM32F429II-SK/OS3/TrueSTUDIO/../../../../../Software/uCOS-III/Source -O0 -ffunction-sections -fdata-sections -g -fstack-usage -Wall -specs=nano.specs -o APP\app.o 
..\..\app.c: In function 'Bluetooth_IRQHandler':
..\..\app.c:216:9: warning: cast to pointer from integer of different size [-Wint-to-pointer-cast]
         (void *)word,
         ^
..\..\app.c: In function 'AppTask_Bluetooth':
..\..\app.c:228:15: warning: cast from pointer to integer of different size [-Wpointer-to-int-cast]
   char word = (char)OSTaskQPend(0,
               ^
..\..\app.c:234:15: warning: passing argument 1 of 'send_string' makes pointer from integer without a cast [-Wint-conversion]
   send_string(word);
               ^~~~
In file included from c:\users\82103\onedrive\πŸ≈¡ »≠∏È\firewarning\examples\st\stm32f429ii-sk\os3\includes.h:79:0,
                 from ..\..\app.c:37:
c:\users\82103\onedrive\πŸ≈¡ »≠∏È\firewarning\examples\st\stm32f429ii-sk\bsp\bsp.h:456:8: note: expected 'const char *' but argument is of type 'char'
 void   send_string        (const char* str);
        ^~~~~~~~~~~
..\..\app.c: In function 'FireSenTask':
..\..\app.c:340:9: warning: unused variable 'ts' [-Wunused-variable]
  CPU_TS ts;
         ^~
At top level:
..\..\app.c:338:13: warning: 'FireSenTask' defined but not used [-Wunused-function]
 static void FireSenTask(void *p_arg){
             ^~~~~~~~~~~
..\..\app.c:245:13: warning: 'UsartTask' defined but not used [-Wunused-function]
 static void UsartTask(void* p_arg) {
             ^~~~~~~~~
..\..\app.c:91:17: warning: 'FireSenTask_Stack' defined but not used [-Wunused-variable]
 static CPU_STK  FireSenTask_Stack[APP_CFG_TASK_START_STK_SIZE];
                 ^~~~~~~~~~~~~~~~~
..\..\app.c:90:16: warning: 'FireSenTask_TCB' defined but not used [-Wunused-variable]
 static OS_TCB  FireSenTask_TCB;
                ^~~~~~~~~~~~~~~
..\..\app.c:84:18: warning: 'UsartTask_Stack' defined but not used [-Wunused-variable]
 static  CPU_STK  UsartTask_Stack[APP_CFG_TASK_START_STK_SIZE];
                  ^~~~~~~~~~~~~~~
..\..\app.c:83:18: warning: 'UsartTask_TCB' defined but not used [-Wunused-variable]
 static  OS_TCB   UsartTask_TCB;
                  ^~~~~~~~~~~~~
arm-atollic-eabi-gcc -o OS3.elf APP\app.o APP\os_app_hooks.o BSP\ST\STM32F4xx\src\misc.o BSP\ST\STM32F4xx\src\stm32f4xx_adc.o BSP\ST\STM32F4xx\src\stm32f4xx_can.o BSP\ST\STM32F4xx\src\stm32f4xx_crc.o BSP\ST\STM32F4xx\src\stm32f4xx_cryp.o BSP\ST\STM32F4xx\src\stm32f4xx_cryp_aes.o BSP\ST\STM32F4xx\src\stm32f4xx_cryp_des.o BSP\ST\STM32F4xx\src\stm32f4xx_cryp_tdes.o BSP\ST\STM32F4xx\src\stm32f4xx_dac.o BSP\ST\STM32F4xx\src\stm32f4xx_dbgmcu.o BSP\ST\STM32F4xx\src\stm32f4xx_dcmi.o BSP\ST\STM32F4xx\src\stm32f4xx_dma.o BSP\ST\STM32F4xx\src\stm32f4xx_exti.o BSP\ST\STM32F4xx\src\stm32f4xx_flash.o BSP\ST\STM32F4xx\src\stm32f4xx_fsmc.o BSP\ST\STM32F4xx\src\stm32f4xx_gpio.o BSP\ST\STM32F4xx\src\stm32f4xx_hash.o BSP\ST\STM32F4xx\src\stm32f4xx_hash_md5.o BSP\ST\STM32F4xx\src\stm32f4xx_hash_sha1.o BSP\ST\STM32F4xx\src\stm32f4xx_i2c.o BSP\ST\STM32F4xx\src\stm32f4xx_iwdg.o BSP\ST\STM32F4xx\src\stm32f4xx_pwr.o BSP\ST\STM32F4xx\src\stm32f4xx_rcc.o BSP\ST\STM32F4xx\src\stm32f4xx_rng.o BSP\ST\STM32F4xx\src\stm32f4xx_rtc.o BSP\ST\STM32F4xx\src\stm32f4xx_sdio.o BSP\ST\STM32F4xx\src\stm32f4xx_spi.o BSP\ST\STM32F4xx\src\stm32f4xx_syscfg.o BSP\ST\STM32F4xx\src\stm32f4xx_tim.o BSP\ST\STM32F4xx\src\stm32f4xx_usart.o BSP\ST\STM32F4xx\src\stm32f4xx_wwdg.o BSP\TrueSTUDIO\cstartup.o BSP\bsp.o BSP\bsp_int.o BSP\bsp_periph.o uC-CPU\ARM-Cortex-M4\GNU\cpu_a.o uC-CPU\ARM-Cortex-M4\GNU\cpu_c.o uC-CPU\cpu_core.o uC-LIB\Ports\ARM-Cortex-M4\GNU\lib_mem_a.o uC-LIB\lib_ascii.o uC-LIB\lib_math.o uC-LIB\lib_mem.o uC-LIB\lib_str.o uCOS-III\Ports\ARM-Cortex-M4\Generic\GNU\os_cpu_a.o uCOS-III\Ports\ARM-Cortex-M4\Generic\GNU\os_cpu_c.o uCOS-III\Source\os_cfg_app.o uCOS-III\Source\os_core.o uCOS-III\Source\os_dbg.o uCOS-III\Source\os_flag.o uCOS-III\Source\os_int.o uCOS-III\Source\os_mem.o uCOS-III\Source\os_msg.o uCOS-III\Source\os_mutex.o uCOS-III\Source\os_pend_multi.o uCOS-III\Source\os_prio.o uCOS-III\Source\os_q.o uCOS-III\Source\os_sem.o uCOS-III\Source\os_stat.o uCOS-III\Source\os_task.o uCOS-III\Source\os_tick.o uCOS-III\Source\os_time.o uCOS-III\Source\os_tmr.o uCOS-III\Source\os_var.o -mthumb -mcpu=cortex-m4 -mfloat-abi=hard -mfpu=fpv4-sp-d16 -T../Debug_STM32F429ZI_FLASH.ld -specs=nosys.specs -static -Wl,-cref,-u,Reset_Handler -Wl,-Map=OS3.map -Wl,--gc-sections -Wl,--defsym=malloc_getpagesize_P=0x80 -Wl,--start-group -lc -lm -Wl,--end-group -specs=nano.specs 
C:\Program Files (x86)\Atollic\TrueSTUDIO for STM32 9.3.0\ide\jre\bin\java -jar C:\Program Files (x86)\Atollic\TrueSTUDIO for STM32 9.3.0\Tools\arm-atollic-reports.jar sizeinfo list OS3.elf 
Generate build reports...
Print size information
   text	   data	    bss	    dec	    hex	filename
  28016	     36	  12676	  40728	   9f18	OS3.elf
Print size information done
Generate listing file
Output sent to: OS3.list
Generate listing file done
Generate build reports done
17:03:54 **** Incremental Build of configuration Debug for project OS3 ****
Info: Internal Builder is used for build
arm-atollic-eabi-gcc -c ..\..\app.c -mthumb -mcpu=cortex-m4 -mfloat-abi=hard -mfpu=fpv4-sp-d16 -std=gnu11 -DSTM32F42_43xxx -DUSE_STDPERIPH_DRIVER -IC:/Users/82103/OneDrive/πŸ≈¡ »≠∏È/FireWarning/Examples/ST/STM32F429II-SK/OS3/TrueSTUDIO/../ -IC:/Users/82103/OneDrive/πŸ≈¡ »≠∏È/FireWarning/Examples/ST/STM32F429II-SK/OS3/TrueSTUDIO/../../BSP -IC:/Users/82103/OneDrive/πŸ≈¡ »≠∏È/FireWarning/Examples/ST/STM32F429II-SK/OS3/TrueSTUDIO/../../BSP/ST/STM32F4xx/inc -IC:/Users/82103/OneDrive/πŸ≈¡ »≠∏È/FireWarning/Examples/ST/STM32F429II-SK/OS3/TrueSTUDIO/../../BSP/ST/STM32F4xx/src -IC:/Users/82103/OneDrive/πŸ≈¡ »≠∏È/FireWarning/Examples/ST/STM32F429II-SK/OS3/TrueSTUDIO/../../BSP/TrueSTUDIO -IC:/Users/82103/OneDrive/πŸ≈¡ »≠∏È/FireWarning/Examples/ST/STM32F429II-SK/OS3/TrueSTUDIO/../../../../../Software/uC-CPU/ARM-Cortex-M4/GNU -IC:/Users/82103/OneDrive/πŸ≈¡ »≠∏È/FireWarning/Examples/ST/STM32F429II-SK/OS3/TrueSTUDIO/../../../../../Software/uC-CPU -IC:/Users/82103/OneDrive/πŸ≈¡ »≠∏È/FireWarning/Examples/ST/STM32F429II-SK/OS3/TrueSTUDIO/../../../../../Software/uC-LIB -IC:/Users/82103/OneDrive/πŸ≈¡ »≠∏È/FireWarning/Examples/ST/STM32F429II-SK/OS3/TrueSTUDIO/../../../../../Software/uC-LIB/Ports/ARM-Cortex-M4/GNU -IC:/Users/82103/OneDrive/πŸ≈¡ »≠∏È/FireWarning/Examples/ST/STM32F429II-SK/OS3/TrueSTUDIO/../../../../../Software/uCOS-III/Ports/ARM-Cortex-M4/Generic/GNU -IC:/Users/82103/OneDrive/πŸ≈¡ »≠∏È/FireWarning/Examples/ST/STM32F429II-SK/OS3/TrueSTUDIO/../../../../../Software/uCOS-III/Source -O0 -ffunction-sections -fdata-sections -g -fstack-usage -Wall -specs=nano.specs -o APP\app.o 
..\..\app.c: In function 'Bluetooth_IRQHandler':
..\..\app.c:216:9: warning: cast to pointer from integer of different size [-Wint-to-pointer-cast]
         (void *)word,
         ^
..\..\app.c: In function 'AppTask_Bluetooth':
..\..\app.c:228:15: warning: cast from pointer to integer of different size [-Wpointer-to-int-cast]
   char word = (char)OSTaskQPend(0,
               ^
..\..\app.c:234:15: error: invalid type argument of unary '*' (have 'int')
   send_string(*word);
               ^~~~~
..\..\app.c: In function 'FireSenTask':
..\..\app.c:340:9: warning: unused variable 'ts' [-Wunused-variable]
  CPU_TS ts;
         ^~
At top level:
..\..\app.c:338:13: warning: 'FireSenTask' defined but not used [-Wunused-function]
 static void FireSenTask(void *p_arg){
             ^~~~~~~~~~~
..\..\app.c:245:13: warning: 'UsartTask' defined but not used [-Wunused-function]
 static void UsartTask(void* p_arg) {
             ^~~~~~~~~
..\..\app.c:91:17: warning: 'FireSenTask_Stack' defined but not used [-Wunused-variable]
 static CPU_STK  FireSenTask_Stack[APP_CFG_TASK_START_STK_SIZE];
                 ^~~~~~~~~~~~~~~~~
..\..\app.c:90:16: warning: 'FireSenTask_TCB' defined but not used [-Wunused-variable]
 static OS_TCB  FireSenTask_TCB;
                ^~~~~~~~~~~~~~~
..\..\app.c:84:18: warning: 'UsartTask_Stack' defined but not used [-Wunused-variable]
 static  CPU_STK  UsartTask_Stack[APP_CFG_TASK_START_STK_SIZE];
                  ^~~~~~~~~~~~~~~
..\..\app.c:83:18: warning: 'UsartTask_TCB' defined but not used [-Wunused-variable]
 static  OS_TCB   UsartTask_TCB;
                  ^~~~~~~~~~~~~
17:04:02 **** Incremental Build of configuration Debug for project OS3 ****
Info: Internal Builder is used for build
arm-atollic-eabi-gcc -c ..\..\app.c -mthumb -mcpu=cortex-m4 -mfloat-abi=hard -mfpu=fpv4-sp-d16 -std=gnu11 -DSTM32F42_43xxx -DUSE_STDPERIPH_DRIVER -IC:/Users/82103/OneDrive/πŸ≈¡ »≠∏È/FireWarning/Examples/ST/STM32F429II-SK/OS3/TrueSTUDIO/../ -IC:/Users/82103/OneDrive/πŸ≈¡ »≠∏È/FireWarning/Examples/ST/STM32F429II-SK/OS3/TrueSTUDIO/../../BSP -IC:/Users/82103/OneDrive/πŸ≈¡ »≠∏È/FireWarning/Examples/ST/STM32F429II-SK/OS3/TrueSTUDIO/../../BSP/ST/STM32F4xx/inc -IC:/Users/82103/OneDrive/πŸ≈¡ »≠∏È/FireWarning/Examples/ST/STM32F429II-SK/OS3/TrueSTUDIO/../../BSP/ST/STM32F4xx/src -IC:/Users/82103/OneDrive/πŸ≈¡ »≠∏È/FireWarning/Examples/ST/STM32F429II-SK/OS3/TrueSTUDIO/../../BSP/TrueSTUDIO -IC:/Users/82103/OneDrive/πŸ≈¡ »≠∏È/FireWarning/Examples/ST/STM32F429II-SK/OS3/TrueSTUDIO/../../../../../Software/uC-CPU/ARM-Cortex-M4/GNU -IC:/Users/82103/OneDrive/πŸ≈¡ »≠∏È/FireWarning/Examples/ST/STM32F429II-SK/OS3/TrueSTUDIO/../../../../../Software/uC-CPU -IC:/Users/82103/OneDrive/πŸ≈¡ »≠∏È/FireWarning/Examples/ST/STM32F429II-SK/OS3/TrueSTUDIO/../../../../../Software/uC-LIB -IC:/Users/82103/OneDrive/πŸ≈¡ »≠∏È/FireWarning/Examples/ST/STM32F429II-SK/OS3/TrueSTUDIO/../../../../../Software/uC-LIB/Ports/ARM-Cortex-M4/GNU -IC:/Users/82103/OneDrive/πŸ≈¡ »≠∏È/FireWarning/Examples/ST/STM32F429II-SK/OS3/TrueSTUDIO/../../../../../Software/uCOS-III/Ports/ARM-Cortex-M4/Generic/GNU -IC:/Users/82103/OneDrive/πŸ≈¡ »≠∏È/FireWarning/Examples/ST/STM32F429II-SK/OS3/TrueSTUDIO/../../../../../Software/uCOS-III/Source -O0 -ffunction-sections -fdata-sections -g -fstack-usage -Wall -specs=nano.specs -o APP\app.o 
..\..\app.c: In function 'Bluetooth_IRQHandler':
..\..\app.c:216:9: warning: cast to pointer from integer of different size [-Wint-to-pointer-cast]
         (void *)word,
         ^
..\..\app.c: In function 'AppTask_Bluetooth':
..\..\app.c:228:15: warning: cast from pointer to integer of different size [-Wpointer-to-int-cast]
   char word = (char)OSTaskQPend(0,
               ^
..\..\app.c: In function 'FireSenTask':
..\..\app.c:340:9: warning: unused variable 'ts' [-Wunused-variable]
  CPU_TS ts;
         ^~
At top level:
..\..\app.c:338:13: warning: 'FireSenTask' defined but not used [-Wunused-function]
 static void FireSenTask(void *p_arg){
             ^~~~~~~~~~~
..\..\app.c:245:13: warning: 'UsartTask' defined but not used [-Wunused-function]
 static void UsartTask(void* p_arg) {
             ^~~~~~~~~
..\..\app.c:91:17: warning: 'FireSenTask_Stack' defined but not used [-Wunused-variable]
 static CPU_STK  FireSenTask_Stack[APP_CFG_TASK_START_STK_SIZE];
                 ^~~~~~~~~~~~~~~~~
..\..\app.c:90:16: warning: 'FireSenTask_TCB' defined but not used [-Wunused-variable]
 static OS_TCB  FireSenTask_TCB;
                ^~~~~~~~~~~~~~~
..\..\app.c:84:18: warning: 'UsartTask_Stack' defined but not used [-Wunused-variable]
 static  CPU_STK  UsartTask_Stack[APP_CFG_TASK_START_STK_SIZE];
                  ^~~~~~~~~~~~~~~
..\..\app.c:83:18: warning: 'UsartTask_TCB' defined but not used [-Wunused-variable]
 static  OS_TCB   UsartTask_TCB;
                  ^~~~~~~~~~~~~
arm-atollic-eabi-gcc -o OS3.elf APP\app.o APP\os_app_hooks.o BSP\ST\STM32F4xx\src\misc.o BSP\ST\STM32F4xx\src\stm32f4xx_adc.o BSP\ST\STM32F4xx\src\stm32f4xx_can.o BSP\ST\STM32F4xx\src\stm32f4xx_crc.o BSP\ST\STM32F4xx\src\stm32f4xx_cryp.o BSP\ST\STM32F4xx\src\stm32f4xx_cryp_aes.o BSP\ST\STM32F4xx\src\stm32f4xx_cryp_des.o BSP\ST\STM32F4xx\src\stm32f4xx_cryp_tdes.o BSP\ST\STM32F4xx\src\stm32f4xx_dac.o BSP\ST\STM32F4xx\src\stm32f4xx_dbgmcu.o BSP\ST\STM32F4xx\src\stm32f4xx_dcmi.o BSP\ST\STM32F4xx\src\stm32f4xx_dma.o BSP\ST\STM32F4xx\src\stm32f4xx_exti.o BSP\ST\STM32F4xx\src\stm32f4xx_flash.o BSP\ST\STM32F4xx\src\stm32f4xx_fsmc.o BSP\ST\STM32F4xx\src\stm32f4xx_gpio.o BSP\ST\STM32F4xx\src\stm32f4xx_hash.o BSP\ST\STM32F4xx\src\stm32f4xx_hash_md5.o BSP\ST\STM32F4xx\src\stm32f4xx_hash_sha1.o BSP\ST\STM32F4xx\src\stm32f4xx_i2c.o BSP\ST\STM32F4xx\src\stm32f4xx_iwdg.o BSP\ST\STM32F4xx\src\stm32f4xx_pwr.o BSP\ST\STM32F4xx\src\stm32f4xx_rcc.o BSP\ST\STM32F4xx\src\stm32f4xx_rng.o BSP\ST\STM32F4xx\src\stm32f4xx_rtc.o BSP\ST\STM32F4xx\src\stm32f4xx_sdio.o BSP\ST\STM32F4xx\src\stm32f4xx_spi.o BSP\ST\STM32F4xx\src\stm32f4xx_syscfg.o BSP\ST\STM32F4xx\src\stm32f4xx_tim.o BSP\ST\STM32F4xx\src\stm32f4xx_usart.o BSP\ST\STM32F4xx\src\stm32f4xx_wwdg.o BSP\TrueSTUDIO\cstartup.o BSP\bsp.o BSP\bsp_int.o BSP\bsp_periph.o uC-CPU\ARM-Cortex-M4\GNU\cpu_a.o uC-CPU\ARM-Cortex-M4\GNU\cpu_c.o uC-CPU\cpu_core.o uC-LIB\Ports\ARM-Cortex-M4\GNU\lib_mem_a.o uC-LIB\lib_ascii.o uC-LIB\lib_math.o uC-LIB\lib_mem.o uC-LIB\lib_str.o uCOS-III\Ports\ARM-Cortex-M4\Generic\GNU\os_cpu_a.o uCOS-III\Ports\ARM-Cortex-M4\Generic\GNU\os_cpu_c.o uCOS-III\Source\os_cfg_app.o uCOS-III\Source\os_core.o uCOS-III\Source\os_dbg.o uCOS-III\Source\os_flag.o uCOS-III\Source\os_int.o uCOS-III\Source\os_mem.o uCOS-III\Source\os_msg.o uCOS-III\Source\os_mutex.o uCOS-III\Source\os_pend_multi.o uCOS-III\Source\os_prio.o uCOS-III\Source\os_q.o uCOS-III\Source\os_sem.o uCOS-III\Source\os_stat.o uCOS-III\Source\os_task.o uCOS-III\Source\os_tick.o uCOS-III\Source\os_time.o uCOS-III\Source\os_tmr.o uCOS-III\Source\os_var.o -mthumb -mcpu=cortex-m4 -mfloat-abi=hard -mfpu=fpv4-sp-d16 -T../Debug_STM32F429ZI_FLASH.ld -specs=nosys.specs -static -Wl,-cref,-u,Reset_Handler -Wl,-Map=OS3.map -Wl,--gc-sections -Wl,--defsym=malloc_getpagesize_P=0x80 -Wl,--start-group -lc -lm -Wl,--end-group -specs=nano.specs 
C:\Program Files (x86)\Atollic\TrueSTUDIO for STM32 9.3.0\ide\jre\bin\java -jar C:\Program Files (x86)\Atollic\TrueSTUDIO for STM32 9.3.0\Tools\arm-atollic-reports.jar sizeinfo list OS3.elf 
Generate build reports...
Print size information
   text	   data	    bss	    dec	    hex	filename
  28020	     36	  12676	  40732	   9f1c	OS3.elf
Print size information done
Generate listing file
Output sent to: OS3.list
Generate listing file done
Generate build reports done
17:04:49 **** Incremental Build of configuration Debug for project OS3 ****
Info: Internal Builder is used for build
arm-atollic-eabi-gcc -c ..\..\app.c -mthumb -mcpu=cortex-m4 -mfloat-abi=hard -mfpu=fpv4-sp-d16 -std=gnu11 -DSTM32F42_43xxx -DUSE_STDPERIPH_DRIVER -IC:/Users/82103/OneDrive/πŸ≈¡ »≠∏È/FireWarning/Examples/ST/STM32F429II-SK/OS3/TrueSTUDIO/../ -IC:/Users/82103/OneDrive/πŸ≈¡ »≠∏È/FireWarning/Examples/ST/STM32F429II-SK/OS3/TrueSTUDIO/../../BSP -IC:/Users/82103/OneDrive/πŸ≈¡ »≠∏È/FireWarning/Examples/ST/STM32F429II-SK/OS3/TrueSTUDIO/../../BSP/ST/STM32F4xx/inc -IC:/Users/82103/OneDrive/πŸ≈¡ »≠∏È/FireWarning/Examples/ST/STM32F429II-SK/OS3/TrueSTUDIO/../../BSP/ST/STM32F4xx/src -IC:/Users/82103/OneDrive/πŸ≈¡ »≠∏È/FireWarning/Examples/ST/STM32F429II-SK/OS3/TrueSTUDIO/../../BSP/TrueSTUDIO -IC:/Users/82103/OneDrive/πŸ≈¡ »≠∏È/FireWarning/Examples/ST/STM32F429II-SK/OS3/TrueSTUDIO/../../../../../Software/uC-CPU/ARM-Cortex-M4/GNU -IC:/Users/82103/OneDrive/πŸ≈¡ »≠∏È/FireWarning/Examples/ST/STM32F429II-SK/OS3/TrueSTUDIO/../../../../../Software/uC-CPU -IC:/Users/82103/OneDrive/πŸ≈¡ »≠∏È/FireWarning/Examples/ST/STM32F429II-SK/OS3/TrueSTUDIO/../../../../../Software/uC-LIB -IC:/Users/82103/OneDrive/πŸ≈¡ »≠∏È/FireWarning/Examples/ST/STM32F429II-SK/OS3/TrueSTUDIO/../../../../../Software/uC-LIB/Ports/ARM-Cortex-M4/GNU -IC:/Users/82103/OneDrive/πŸ≈¡ »≠∏È/FireWarning/Examples/ST/STM32F429II-SK/OS3/TrueSTUDIO/../../../../../Software/uCOS-III/Ports/ARM-Cortex-M4/Generic/GNU -IC:/Users/82103/OneDrive/πŸ≈¡ »≠∏È/FireWarning/Examples/ST/STM32F429II-SK/OS3/TrueSTUDIO/../../../../../Software/uCOS-III/Source -O0 -ffunction-sections -fdata-sections -g -fstack-usage -Wall -specs=nano.specs -o APP\app.o 
..\..\app.c: In function 'Bluetooth_IRQHandler':
..\..\app.c:216:9: warning: cast to pointer from integer of different size [-Wint-to-pointer-cast]
         (void *)word,
         ^
..\..\app.c: In function 'AppTask_Bluetooth':
..\..\app.c:228:15: warning: initialization makes integer from pointer without a cast [-Wint-conversion]
   char word = (char *)OSTaskQPend(0,
               ^
..\..\app.c: In function 'FireSenTask':
..\..\app.c:340:9: warning: unused variable 'ts' [-Wunused-variable]
  CPU_TS ts;
         ^~
At top level:
..\..\app.c:338:13: warning: 'FireSenTask' defined but not used [-Wunused-function]
 static void FireSenTask(void *p_arg){
             ^~~~~~~~~~~
..\..\app.c:245:13: warning: 'UsartTask' defined but not used [-Wunused-function]
 static void UsartTask(void* p_arg) {
             ^~~~~~~~~
..\..\app.c:91:17: warning: 'FireSenTask_Stack' defined but not used [-Wunused-variable]
 static CPU_STK  FireSenTask_Stack[APP_CFG_TASK_START_STK_SIZE];
                 ^~~~~~~~~~~~~~~~~
..\..\app.c:90:16: warning: 'FireSenTask_TCB' defined but not used [-Wunused-variable]
 static OS_TCB  FireSenTask_TCB;
                ^~~~~~~~~~~~~~~
..\..\app.c:84:18: warning: 'UsartTask_Stack' defined but not used [-Wunused-variable]
 static  CPU_STK  UsartTask_Stack[APP_CFG_TASK_START_STK_SIZE];
                  ^~~~~~~~~~~~~~~
..\..\app.c:83:18: warning: 'UsartTask_TCB' defined but not used [-Wunused-variable]
 static  OS_TCB   UsartTask_TCB;
                  ^~~~~~~~~~~~~
arm-atollic-eabi-gcc -o OS3.elf APP\app.o APP\os_app_hooks.o BSP\ST\STM32F4xx\src\misc.o BSP\ST\STM32F4xx\src\stm32f4xx_adc.o BSP\ST\STM32F4xx\src\stm32f4xx_can.o BSP\ST\STM32F4xx\src\stm32f4xx_crc.o BSP\ST\STM32F4xx\src\stm32f4xx_cryp.o BSP\ST\STM32F4xx\src\stm32f4xx_cryp_aes.o BSP\ST\STM32F4xx\src\stm32f4xx_cryp_des.o BSP\ST\STM32F4xx\src\stm32f4xx_cryp_tdes.o BSP\ST\STM32F4xx\src\stm32f4xx_dac.o BSP\ST\STM32F4xx\src\stm32f4xx_dbgmcu.o BSP\ST\STM32F4xx\src\stm32f4xx_dcmi.o BSP\ST\STM32F4xx\src\stm32f4xx_dma.o BSP\ST\STM32F4xx\src\stm32f4xx_exti.o BSP\ST\STM32F4xx\src\stm32f4xx_flash.o BSP\ST\STM32F4xx\src\stm32f4xx_fsmc.o BSP\ST\STM32F4xx\src\stm32f4xx_gpio.o BSP\ST\STM32F4xx\src\stm32f4xx_hash.o BSP\ST\STM32F4xx\src\stm32f4xx_hash_md5.o BSP\ST\STM32F4xx\src\stm32f4xx_hash_sha1.o BSP\ST\STM32F4xx\src\stm32f4xx_i2c.o BSP\ST\STM32F4xx\src\stm32f4xx_iwdg.o BSP\ST\STM32F4xx\src\stm32f4xx_pwr.o BSP\ST\STM32F4xx\src\stm32f4xx_rcc.o BSP\ST\STM32F4xx\src\stm32f4xx_rng.o BSP\ST\STM32F4xx\src\stm32f4xx_rtc.o BSP\ST\STM32F4xx\src\stm32f4xx_sdio.o BSP\ST\STM32F4xx\src\stm32f4xx_spi.o BSP\ST\STM32F4xx\src\stm32f4xx_syscfg.o BSP\ST\STM32F4xx\src\stm32f4xx_tim.o BSP\ST\STM32F4xx\src\stm32f4xx_usart.o BSP\ST\STM32F4xx\src\stm32f4xx_wwdg.o BSP\TrueSTUDIO\cstartup.o BSP\bsp.o BSP\bsp_int.o BSP\bsp_periph.o uC-CPU\ARM-Cortex-M4\GNU\cpu_a.o uC-CPU\ARM-Cortex-M4\GNU\cpu_c.o uC-CPU\cpu_core.o uC-LIB\Ports\ARM-Cortex-M4\GNU\lib_mem_a.o uC-LIB\lib_ascii.o uC-LIB\lib_math.o uC-LIB\lib_mem.o uC-LIB\lib_str.o uCOS-III\Ports\ARM-Cortex-M4\Generic\GNU\os_cpu_a.o uCOS-III\Ports\ARM-Cortex-M4\Generic\GNU\os_cpu_c.o uCOS-III\Source\os_cfg_app.o uCOS-III\Source\os_core.o uCOS-III\Source\os_dbg.o uCOS-III\Source\os_flag.o uCOS-III\Source\os_int.o uCOS-III\Source\os_mem.o uCOS-III\Source\os_msg.o uCOS-III\Source\os_mutex.o uCOS-III\Source\os_pend_multi.o uCOS-III\Source\os_prio.o uCOS-III\Source\os_q.o uCOS-III\Source\os_sem.o uCOS-III\Source\os_stat.o uCOS-III\Source\os_task.o uCOS-III\Source\os_tick.o uCOS-III\Source\os_time.o uCOS-III\Source\os_tmr.o uCOS-III\Source\os_var.o -mthumb -mcpu=cortex-m4 -mfloat-abi=hard -mfpu=fpv4-sp-d16 -T../Debug_STM32F429ZI_FLASH.ld -specs=nosys.specs -static -Wl,-cref,-u,Reset_Handler -Wl,-Map=OS3.map -Wl,--gc-sections -Wl,--defsym=malloc_getpagesize_P=0x80 -Wl,--start-group -lc -lm -Wl,--end-group -specs=nano.specs 
C:\Program Files (x86)\Atollic\TrueSTUDIO for STM32 9.3.0\ide\jre\bin\java -jar C:\Program Files (x86)\Atollic\TrueSTUDIO for STM32 9.3.0\Tools\arm-atollic-reports.jar sizeinfo list OS3.elf 
Generate build reports...
Print size information
   text	   data	    bss	    dec	    hex	filename
  28020	     36	  12676	  40732	   9f1c	OS3.elf
Print size information done
Generate listing file
Output sent to: OS3.list
Generate listing file done
Generate build reports done
17:05:27 **** Incremental Build of configuration Debug for project OS3 ****
Info: Internal Builder is used for build
arm-atollic-eabi-gcc -c ..\..\app.c -mthumb -mcpu=cortex-m4 -mfloat-abi=hard -mfpu=fpv4-sp-d16 -std=gnu11 -DSTM32F42_43xxx -DUSE_STDPERIPH_DRIVER -IC:/Users/82103/OneDrive/πŸ≈¡ »≠∏È/FireWarning/Examples/ST/STM32F429II-SK/OS3/TrueSTUDIO/../ -IC:/Users/82103/OneDrive/πŸ≈¡ »≠∏È/FireWarning/Examples/ST/STM32F429II-SK/OS3/TrueSTUDIO/../../BSP -IC:/Users/82103/OneDrive/πŸ≈¡ »≠∏È/FireWarning/Examples/ST/STM32F429II-SK/OS3/TrueSTUDIO/../../BSP/ST/STM32F4xx/inc -IC:/Users/82103/OneDrive/πŸ≈¡ »≠∏È/FireWarning/Examples/ST/STM32F429II-SK/OS3/TrueSTUDIO/../../BSP/ST/STM32F4xx/src -IC:/Users/82103/OneDrive/πŸ≈¡ »≠∏È/FireWarning/Examples/ST/STM32F429II-SK/OS3/TrueSTUDIO/../../BSP/TrueSTUDIO -IC:/Users/82103/OneDrive/πŸ≈¡ »≠∏È/FireWarning/Examples/ST/STM32F429II-SK/OS3/TrueSTUDIO/../../../../../Software/uC-CPU/ARM-Cortex-M4/GNU -IC:/Users/82103/OneDrive/πŸ≈¡ »≠∏È/FireWarning/Examples/ST/STM32F429II-SK/OS3/TrueSTUDIO/../../../../../Software/uC-CPU -IC:/Users/82103/OneDrive/πŸ≈¡ »≠∏È/FireWarning/Examples/ST/STM32F429II-SK/OS3/TrueSTUDIO/../../../../../Software/uC-LIB -IC:/Users/82103/OneDrive/πŸ≈¡ »≠∏È/FireWarning/Examples/ST/STM32F429II-SK/OS3/TrueSTUDIO/../../../../../Software/uC-LIB/Ports/ARM-Cortex-M4/GNU -IC:/Users/82103/OneDrive/πŸ≈¡ »≠∏È/FireWarning/Examples/ST/STM32F429II-SK/OS3/TrueSTUDIO/../../../../../Software/uCOS-III/Ports/ARM-Cortex-M4/Generic/GNU -IC:/Users/82103/OneDrive/πŸ≈¡ »≠∏È/FireWarning/Examples/ST/STM32F429II-SK/OS3/TrueSTUDIO/../../../../../Software/uCOS-III/Source -O0 -ffunction-sections -fdata-sections -g -fstack-usage -Wall -specs=nano.specs -o APP\app.o 
..\..\app.c: In function 'AppTask_Bluetooth':
..\..\app.c:228:15: warning: cast from pointer to integer of different size [-Wpointer-to-int-cast]
   char word = (char)OSTaskQPend(0,
               ^
..\..\app.c: In function 'FireSenTask':
..\..\app.c:340:9: warning: unused variable 'ts' [-Wunused-variable]
  CPU_TS ts;
         ^~
At top level:
..\..\app.c:338:13: warning: 'FireSenTask' defined but not used [-Wunused-function]
 static void FireSenTask(void *p_arg){
             ^~~~~~~~~~~
..\..\app.c:245:13: warning: 'UsartTask' defined but not used [-Wunused-function]
 static void UsartTask(void* p_arg) {
             ^~~~~~~~~
..\..\app.c:91:17: warning: 'FireSenTask_Stack' defined but not used [-Wunused-variable]
 static CPU_STK  FireSenTask_Stack[APP_CFG_TASK_START_STK_SIZE];
                 ^~~~~~~~~~~~~~~~~
..\..\app.c:90:16: warning: 'FireSenTask_TCB' defined but not used [-Wunused-variable]
 static OS_TCB  FireSenTask_TCB;
                ^~~~~~~~~~~~~~~
..\..\app.c:84:18: warning: 'UsartTask_Stack' defined but not used [-Wunused-variable]
 static  CPU_STK  UsartTask_Stack[APP_CFG_TASK_START_STK_SIZE];
                  ^~~~~~~~~~~~~~~
..\..\app.c:83:18: warning: 'UsartTask_TCB' defined but not used [-Wunused-variable]
 static  OS_TCB   UsartTask_TCB;
                  ^~~~~~~~~~~~~
arm-atollic-eabi-gcc -o OS3.elf APP\app.o APP\os_app_hooks.o BSP\ST\STM32F4xx\src\misc.o BSP\ST\STM32F4xx\src\stm32f4xx_adc.o BSP\ST\STM32F4xx\src\stm32f4xx_can.o BSP\ST\STM32F4xx\src\stm32f4xx_crc.o BSP\ST\STM32F4xx\src\stm32f4xx_cryp.o BSP\ST\STM32F4xx\src\stm32f4xx_cryp_aes.o BSP\ST\STM32F4xx\src\stm32f4xx_cryp_des.o BSP\ST\STM32F4xx\src\stm32f4xx_cryp_tdes.o BSP\ST\STM32F4xx\src\stm32f4xx_dac.o BSP\ST\STM32F4xx\src\stm32f4xx_dbgmcu.o BSP\ST\STM32F4xx\src\stm32f4xx_dcmi.o BSP\ST\STM32F4xx\src\stm32f4xx_dma.o BSP\ST\STM32F4xx\src\stm32f4xx_exti.o BSP\ST\STM32F4xx\src\stm32f4xx_flash.o BSP\ST\STM32F4xx\src\stm32f4xx_fsmc.o BSP\ST\STM32F4xx\src\stm32f4xx_gpio.o BSP\ST\STM32F4xx\src\stm32f4xx_hash.o BSP\ST\STM32F4xx\src\stm32f4xx_hash_md5.o BSP\ST\STM32F4xx\src\stm32f4xx_hash_sha1.o BSP\ST\STM32F4xx\src\stm32f4xx_i2c.o BSP\ST\STM32F4xx\src\stm32f4xx_iwdg.o BSP\ST\STM32F4xx\src\stm32f4xx_pwr.o BSP\ST\STM32F4xx\src\stm32f4xx_rcc.o BSP\ST\STM32F4xx\src\stm32f4xx_rng.o BSP\ST\STM32F4xx\src\stm32f4xx_rtc.o BSP\ST\STM32F4xx\src\stm32f4xx_sdio.o BSP\ST\STM32F4xx\src\stm32f4xx_spi.o BSP\ST\STM32F4xx\src\stm32f4xx_syscfg.o BSP\ST\STM32F4xx\src\stm32f4xx_tim.o BSP\ST\STM32F4xx\src\stm32f4xx_usart.o BSP\ST\STM32F4xx\src\stm32f4xx_wwdg.o BSP\TrueSTUDIO\cstartup.o BSP\bsp.o BSP\bsp_int.o BSP\bsp_periph.o uC-CPU\ARM-Cortex-M4\GNU\cpu_a.o uC-CPU\ARM-Cortex-M4\GNU\cpu_c.o uC-CPU\cpu_core.o uC-LIB\Ports\ARM-Cortex-M4\GNU\lib_mem_a.o uC-LIB\lib_ascii.o uC-LIB\lib_math.o uC-LIB\lib_mem.o uC-LIB\lib_str.o uCOS-III\Ports\ARM-Cortex-M4\Generic\GNU\os_cpu_a.o uCOS-III\Ports\ARM-Cortex-M4\Generic\GNU\os_cpu_c.o uCOS-III\Source\os_cfg_app.o uCOS-III\Source\os_core.o uCOS-III\Source\os_dbg.o uCOS-III\Source\os_flag.o uCOS-III\Source\os_int.o uCOS-III\Source\os_mem.o uCOS-III\Source\os_msg.o uCOS-III\Source\os_mutex.o uCOS-III\Source\os_pend_multi.o uCOS-III\Source\os_prio.o uCOS-III\Source\os_q.o uCOS-III\Source\os_sem.o uCOS-III\Source\os_stat.o uCOS-III\Source\os_task.o uCOS-III\Source\os_tick.o uCOS-III\Source\os_time.o uCOS-III\Source\os_tmr.o uCOS-III\Source\os_var.o -mthumb -mcpu=cortex-m4 -mfloat-abi=hard -mfpu=fpv4-sp-d16 -T../Debug_STM32F429ZI_FLASH.ld -specs=nosys.specs -static -Wl,-cref,-u,Reset_Handler -Wl,-Map=OS3.map -Wl,--gc-sections -Wl,--defsym=malloc_getpagesize_P=0x80 -Wl,--start-group -lc -lm -Wl,--end-group -specs=nano.specs 
C:\Program Files (x86)\Atollic\TrueSTUDIO for STM32 9.3.0\ide\jre\bin\java -jar C:\Program Files (x86)\Atollic\TrueSTUDIO for STM32 9.3.0\Tools\arm-atollic-reports.jar sizeinfo list OS3.elf 
Generate build reports...
Print size information
   text	   data	    bss	    dec	    hex	filename
  28020	     36	  12676	  40732	   9f1c	OS3.elf
Print size information done
Generate listing file
Output sent to: OS3.list
Generate listing file done
Generate build reports done
17:05:50 **** Incremental Build of configuration Debug for project OS3 ****
Info: Internal Builder is used for build
arm-atollic-eabi-gcc -c ..\..\app.c -mthumb -mcpu=cortex-m4 -mfloat-abi=hard -mfpu=fpv4-sp-d16 -std=gnu11 -DSTM32F42_43xxx -DUSE_STDPERIPH_DRIVER -IC:/Users/82103/OneDrive/πŸ≈¡ »≠∏È/FireWarning/Examples/ST/STM32F429II-SK/OS3/TrueSTUDIO/../ -IC:/Users/82103/OneDrive/πŸ≈¡ »≠∏È/FireWarning/Examples/ST/STM32F429II-SK/OS3/TrueSTUDIO/../../BSP -IC:/Users/82103/OneDrive/πŸ≈¡ »≠∏È/FireWarning/Examples/ST/STM32F429II-SK/OS3/TrueSTUDIO/../../BSP/ST/STM32F4xx/inc -IC:/Users/82103/OneDrive/πŸ≈¡ »≠∏È/FireWarning/Examples/ST/STM32F429II-SK/OS3/TrueSTUDIO/../../BSP/ST/STM32F4xx/src -IC:/Users/82103/OneDrive/πŸ≈¡ »≠∏È/FireWarning/Examples/ST/STM32F429II-SK/OS3/TrueSTUDIO/../../BSP/TrueSTUDIO -IC:/Users/82103/OneDrive/πŸ≈¡ »≠∏È/FireWarning/Examples/ST/STM32F429II-SK/OS3/TrueSTUDIO/../../../../../Software/uC-CPU/ARM-Cortex-M4/GNU -IC:/Users/82103/OneDrive/πŸ≈¡ »≠∏È/FireWarning/Examples/ST/STM32F429II-SK/OS3/TrueSTUDIO/../../../../../Software/uC-CPU -IC:/Users/82103/OneDrive/πŸ≈¡ »≠∏È/FireWarning/Examples/ST/STM32F429II-SK/OS3/TrueSTUDIO/../../../../../Software/uC-LIB -IC:/Users/82103/OneDrive/πŸ≈¡ »≠∏È/FireWarning/Examples/ST/STM32F429II-SK/OS3/TrueSTUDIO/../../../../../Software/uC-LIB/Ports/ARM-Cortex-M4/GNU -IC:/Users/82103/OneDrive/πŸ≈¡ »≠∏È/FireWarning/Examples/ST/STM32F429II-SK/OS3/TrueSTUDIO/../../../../../Software/uCOS-III/Ports/ARM-Cortex-M4/Generic/GNU -IC:/Users/82103/OneDrive/πŸ≈¡ »≠∏È/FireWarning/Examples/ST/STM32F429II-SK/OS3/TrueSTUDIO/../../../../../Software/uCOS-III/Source -O0 -ffunction-sections -fdata-sections -g -fstack-usage -Wall -specs=nano.specs -o APP\app.o 
..\..\app.c: In function 'AppTask_Bluetooth':
..\..\app.c:228:15: warning: initialization makes integer from pointer without a cast [-Wint-conversion]
   char word = (char *)OSTaskQPend(0,
               ^
..\..\app.c: In function 'FireSenTask':
..\..\app.c:340:9: warning: unused variable 'ts' [-Wunused-variable]
  CPU_TS ts;
         ^~
At top level:
..\..\app.c:338:13: warning: 'FireSenTask' defined but not used [-Wunused-function]
 static void FireSenTask(void *p_arg){
             ^~~~~~~~~~~
..\..\app.c:245:13: warning: 'UsartTask' defined but not used [-Wunused-function]
 static void UsartTask(void* p_arg) {
             ^~~~~~~~~
..\..\app.c:91:17: warning: 'FireSenTask_Stack' defined but not used [-Wunused-variable]
 static CPU_STK  FireSenTask_Stack[APP_CFG_TASK_START_STK_SIZE];
                 ^~~~~~~~~~~~~~~~~
..\..\app.c:90:16: warning: 'FireSenTask_TCB' defined but not used [-Wunused-variable]
 static OS_TCB  FireSenTask_TCB;
                ^~~~~~~~~~~~~~~
..\..\app.c:84:18: warning: 'UsartTask_Stack' defined but not used [-Wunused-variable]
 static  CPU_STK  UsartTask_Stack[APP_CFG_TASK_START_STK_SIZE];
                  ^~~~~~~~~~~~~~~
..\..\app.c:83:18: warning: 'UsartTask_TCB' defined but not used [-Wunused-variable]
 static  OS_TCB   UsartTask_TCB;
                  ^~~~~~~~~~~~~
arm-atollic-eabi-gcc -o OS3.elf APP\app.o APP\os_app_hooks.o BSP\ST\STM32F4xx\src\misc.o BSP\ST\STM32F4xx\src\stm32f4xx_adc.o BSP\ST\STM32F4xx\src\stm32f4xx_can.o BSP\ST\STM32F4xx\src\stm32f4xx_crc.o BSP\ST\STM32F4xx\src\stm32f4xx_cryp.o BSP\ST\STM32F4xx\src\stm32f4xx_cryp_aes.o BSP\ST\STM32F4xx\src\stm32f4xx_cryp_des.o BSP\ST\STM32F4xx\src\stm32f4xx_cryp_tdes.o BSP\ST\STM32F4xx\src\stm32f4xx_dac.o BSP\ST\STM32F4xx\src\stm32f4xx_dbgmcu.o BSP\ST\STM32F4xx\src\stm32f4xx_dcmi.o BSP\ST\STM32F4xx\src\stm32f4xx_dma.o BSP\ST\STM32F4xx\src\stm32f4xx_exti.o BSP\ST\STM32F4xx\src\stm32f4xx_flash.o BSP\ST\STM32F4xx\src\stm32f4xx_fsmc.o BSP\ST\STM32F4xx\src\stm32f4xx_gpio.o BSP\ST\STM32F4xx\src\stm32f4xx_hash.o BSP\ST\STM32F4xx\src\stm32f4xx_hash_md5.o BSP\ST\STM32F4xx\src\stm32f4xx_hash_sha1.o BSP\ST\STM32F4xx\src\stm32f4xx_i2c.o BSP\ST\STM32F4xx\src\stm32f4xx_iwdg.o BSP\ST\STM32F4xx\src\stm32f4xx_pwr.o BSP\ST\STM32F4xx\src\stm32f4xx_rcc.o BSP\ST\STM32F4xx\src\stm32f4xx_rng.o BSP\ST\STM32F4xx\src\stm32f4xx_rtc.o BSP\ST\STM32F4xx\src\stm32f4xx_sdio.o BSP\ST\STM32F4xx\src\stm32f4xx_spi.o BSP\ST\STM32F4xx\src\stm32f4xx_syscfg.o BSP\ST\STM32F4xx\src\stm32f4xx_tim.o BSP\ST\STM32F4xx\src\stm32f4xx_usart.o BSP\ST\STM32F4xx\src\stm32f4xx_wwdg.o BSP\TrueSTUDIO\cstartup.o BSP\bsp.o BSP\bsp_int.o BSP\bsp_periph.o uC-CPU\ARM-Cortex-M4\GNU\cpu_a.o uC-CPU\ARM-Cortex-M4\GNU\cpu_c.o uC-CPU\cpu_core.o uC-LIB\Ports\ARM-Cortex-M4\GNU\lib_mem_a.o uC-LIB\lib_ascii.o uC-LIB\lib_math.o uC-LIB\lib_mem.o uC-LIB\lib_str.o uCOS-III\Ports\ARM-Cortex-M4\Generic\GNU\os_cpu_a.o uCOS-III\Ports\ARM-Cortex-M4\Generic\GNU\os_cpu_c.o uCOS-III\Source\os_cfg_app.o uCOS-III\Source\os_core.o uCOS-III\Source\os_dbg.o uCOS-III\Source\os_flag.o uCOS-III\Source\os_int.o uCOS-III\Source\os_mem.o uCOS-III\Source\os_msg.o uCOS-III\Source\os_mutex.o uCOS-III\Source\os_pend_multi.o uCOS-III\Source\os_prio.o uCOS-III\Source\os_q.o uCOS-III\Source\os_sem.o uCOS-III\Source\os_stat.o uCOS-III\Source\os_task.o uCOS-III\Source\os_tick.o uCOS-III\Source\os_time.o uCOS-III\Source\os_tmr.o uCOS-III\Source\os_var.o -mthumb -mcpu=cortex-m4 -mfloat-abi=hard -mfpu=fpv4-sp-d16 -T../Debug_STM32F429ZI_FLASH.ld -specs=nosys.specs -static -Wl,-cref,-u,Reset_Handler -Wl,-Map=OS3.map -Wl,--gc-sections -Wl,--defsym=malloc_getpagesize_P=0x80 -Wl,--start-group -lc -lm -Wl,--end-group -specs=nano.specs 
C:\Program Files (x86)\Atollic\TrueSTUDIO for STM32 9.3.0\ide\jre\bin\java -jar C:\Program Files (x86)\Atollic\TrueSTUDIO for STM32 9.3.0\Tools\arm-atollic-reports.jar sizeinfo list OS3.elf 
Generate build reports...
Print size information
   text	   data	    bss	    dec	    hex	filename
  28020	     36	  12676	  40732	   9f1c	OS3.elf
Print size information done
Generate listing file
Output sent to: OS3.list
Generate listing file done
Generate build reports done
17:06:27 **** Incremental Build of configuration Debug for project OS3 ****
Info: Internal Builder is used for build
arm-atollic-eabi-gcc -c ..\..\app.c -mthumb -mcpu=cortex-m4 -mfloat-abi=hard -mfpu=fpv4-sp-d16 -std=gnu11 -DSTM32F42_43xxx -DUSE_STDPERIPH_DRIVER -IC:/Users/82103/OneDrive/πŸ≈¡ »≠∏È/FireWarning/Examples/ST/STM32F429II-SK/OS3/TrueSTUDIO/../ -IC:/Users/82103/OneDrive/πŸ≈¡ »≠∏È/FireWarning/Examples/ST/STM32F429II-SK/OS3/TrueSTUDIO/../../BSP -IC:/Users/82103/OneDrive/πŸ≈¡ »≠∏È/FireWarning/Examples/ST/STM32F429II-SK/OS3/TrueSTUDIO/../../BSP/ST/STM32F4xx/inc -IC:/Users/82103/OneDrive/πŸ≈¡ »≠∏È/FireWarning/Examples/ST/STM32F429II-SK/OS3/TrueSTUDIO/../../BSP/ST/STM32F4xx/src -IC:/Users/82103/OneDrive/πŸ≈¡ »≠∏È/FireWarning/Examples/ST/STM32F429II-SK/OS3/TrueSTUDIO/../../BSP/TrueSTUDIO -IC:/Users/82103/OneDrive/πŸ≈¡ »≠∏È/FireWarning/Examples/ST/STM32F429II-SK/OS3/TrueSTUDIO/../../../../../Software/uC-CPU/ARM-Cortex-M4/GNU -IC:/Users/82103/OneDrive/πŸ≈¡ »≠∏È/FireWarning/Examples/ST/STM32F429II-SK/OS3/TrueSTUDIO/../../../../../Software/uC-CPU -IC:/Users/82103/OneDrive/πŸ≈¡ »≠∏È/FireWarning/Examples/ST/STM32F429II-SK/OS3/TrueSTUDIO/../../../../../Software/uC-LIB -IC:/Users/82103/OneDrive/πŸ≈¡ »≠∏È/FireWarning/Examples/ST/STM32F429II-SK/OS3/TrueSTUDIO/../../../../../Software/uC-LIB/Ports/ARM-Cortex-M4/GNU -IC:/Users/82103/OneDrive/πŸ≈¡ »≠∏È/FireWarning/Examples/ST/STM32F429II-SK/OS3/TrueSTUDIO/../../../../../Software/uCOS-III/Ports/ARM-Cortex-M4/Generic/GNU -IC:/Users/82103/OneDrive/πŸ≈¡ »≠∏È/FireWarning/Examples/ST/STM32F429II-SK/OS3/TrueSTUDIO/../../../../../Software/uCOS-III/Source -O0 -ffunction-sections -fdata-sections -g -fstack-usage -Wall -specs=nano.specs -o APP\app.o 
..\..\app.c: In function 'AppTask_Bluetooth':
..\..\app.c:228:15: warning: cast from pointer to integer of different size [-Wpointer-to-int-cast]
   char word = (char)OSTaskQPend(0,
               ^
..\..\app.c: In function 'FireSenTask':
..\..\app.c:340:9: warning: unused variable 'ts' [-Wunused-variable]
  CPU_TS ts;
         ^~
At top level:
..\..\app.c:338:13: warning: 'FireSenTask' defined but not used [-Wunused-function]
 static void FireSenTask(void *p_arg){
             ^~~~~~~~~~~
..\..\app.c:245:13: warning: 'UsartTask' defined but not used [-Wunused-function]
 static void UsartTask(void* p_arg) {
             ^~~~~~~~~
..\..\app.c:91:17: warning: 'FireSenTask_Stack' defined but not used [-Wunused-variable]
 static CPU_STK  FireSenTask_Stack[APP_CFG_TASK_START_STK_SIZE];
                 ^~~~~~~~~~~~~~~~~
..\..\app.c:90:16: warning: 'FireSenTask_TCB' defined but not used [-Wunused-variable]
 static OS_TCB  FireSenTask_TCB;
                ^~~~~~~~~~~~~~~
..\..\app.c:84:18: warning: 'UsartTask_Stack' defined but not used [-Wunused-variable]
 static  CPU_STK  UsartTask_Stack[APP_CFG_TASK_START_STK_SIZE];
                  ^~~~~~~~~~~~~~~
..\..\app.c:83:18: warning: 'UsartTask_TCB' defined but not used [-Wunused-variable]
 static  OS_TCB   UsartTask_TCB;
                  ^~~~~~~~~~~~~
[...]
C:\Program Files (x86)\Atollic\TrueSTUDIO for STM32 9.3.0\ide\jre\bin\java -jar C:\Program Files (x86)\Atollic\TrueSTUDIO for STM32 9.3.0\Tools\arm-atollic-reports.jar sizeinfo list OS3.elf 
Generate build reports...
Print size information
   text	   data	    bss	    dec	    hex	filename
  27148	     36	  13340	  40524	   9e4c	OS3.elf
Print size information done
Generate listing file
Output sent to: OS3.list
Generate listing file done
Generate build reports done
20:31:18 **** Incremental Build of configuration Debug for project OS3 ****
Info: Internal Builder is used for build
arm-atollic-eabi-gcc -c ..\..\app.c -mthumb -mcpu=cortex-m4 -mfloat-abi=hard -mfpu=fpv4-sp-d16 -std=gnu11 -DSTM32F42_43xxx -DUSE_STDPERIPH_DRIVER -IC:/Users/82103/OneDrive/πŸ≈¡ »≠∏È/FireWarning/Examples/ST/STM32F429II-SK/OS3/TrueSTUDIO/../ -IC:/Users/82103/OneDrive/πŸ≈¡ »≠∏È/FireWarning/Examples/ST/STM32F429II-SK/OS3/TrueSTUDIO/../../BSP -IC:/Users/82103/OneDrive/πŸ≈¡ »≠∏È/FireWarning/Examples/ST/STM32F429II-SK/OS3/TrueSTUDIO/../../BSP/ST/STM32F4xx/inc -IC:/Users/82103/OneDrive/πŸ≈¡ »≠∏È/FireWarning/Examples/ST/STM32F429II-SK/OS3/TrueSTUDIO/../../BSP/ST/STM32F4xx/src -IC:/Users/82103/OneDrive/πŸ≈¡ »≠∏È/FireWarning/Examples/ST/STM32F429II-SK/OS3/TrueSTUDIO/../../BSP/TrueSTUDIO -IC:/Users/82103/OneDrive/πŸ≈¡ »≠∏È/FireWarning/Examples/ST/STM32F429II-SK/OS3/TrueSTUDIO/../../../../../Software/uC-CPU/ARM-Cortex-M4/GNU -IC:/Users/82103/OneDrive/πŸ≈¡ »≠∏È/FireWarning/Examples/ST/STM32F429II-SK/OS3/TrueSTUDIO/../../../../../Software/uC-CPU -IC:/Users/82103/OneDrive/πŸ≈¡ »≠∏È/FireWarning/Examples/ST/STM32F429II-SK/OS3/TrueSTUDIO/../../../../../Software/uC-LIB -IC:/Users/82103/OneDrive/πŸ≈¡ »≠∏È/FireWarning/Examples/ST/STM32F429II-SK/OS3/TrueSTUDIO/../../../../../Software/uC-LIB/Ports/ARM-Cortex-M4/GNU -IC:/Users/82103/OneDrive/πŸ≈¡ »≠∏È/FireWarning/Examples/ST/STM32F429II-SK/OS3/TrueSTUDIO/../../../../../Software/uCOS-III/Ports/ARM-Cortex-M4/Generic/GNU -IC:/Users/82103/OneDrive/πŸ≈¡ »≠∏È/FireWarning/Examples/ST/STM32F429II-SK/OS3/TrueSTUDIO/../../../../../Software/uCOS-III/Source -O0 -ffunction-sections -fdata-sections -g -fstack-usage -Wall -specs=nano.specs -o APP\app.o 
..\..\app.c: In function 'UsartTask':
..\..\app.c:204:9: warning: unused variable 'ts' [-Wunused-variable]
  CPU_TS ts;
         ^~
arm-atollic-eabi-gcc -o OS3.elf APP\app.o APP\os_app_hooks.o BSP\ST\STM32F4xx\src\misc.o BSP\ST\STM32F4xx\src\stm32f4xx_adc.o BSP\ST\STM32F4xx\src\stm32f4xx_can.o BSP\ST\STM32F4xx\src\stm32f4xx_crc.o BSP\ST\STM32F4xx\src\stm32f4xx_cryp.o BSP\ST\STM32F4xx\src\stm32f4xx_cryp_aes.o BSP\ST\STM32F4xx\src\stm32f4xx_cryp_des.o BSP\ST\STM32F4xx\src\stm32f4xx_cryp_tdes.o BSP\ST\STM32F4xx\src\stm32f4xx_dac.o BSP\ST\STM32F4xx\src\stm32f4xx_dbgmcu.o BSP\ST\STM32F4xx\src\stm32f4xx_dcmi.o BSP\ST\STM32F4xx\src\stm32f4xx_dma.o BSP\ST\STM32F4xx\src\stm32f4xx_exti.o BSP\ST\STM32F4xx\src\stm32f4xx_flash.o BSP\ST\STM32F4xx\src\stm32f4xx_fsmc.o BSP\ST\STM32F4xx\src\stm32f4xx_gpio.o BSP\ST\STM32F4xx\src\stm32f4xx_hash.o BSP\ST\STM32F4xx\src\stm32f4xx_hash_md5.o BSP\ST\STM32F4xx\src\stm32f4xx_hash_sha1.o BSP\ST\STM32F4xx\src\stm32f4xx_i2c.o BSP\ST\STM32F4xx\src\stm32f4xx_iwdg.o BSP\ST\STM32F4xx\src\stm32f4xx_pwr.o BSP\ST\STM32F4xx\src\stm32f4xx_rcc.o BSP\ST\STM32F4xx\src\stm32f4xx_rng.o BSP\ST\STM32F4xx\src\stm32f4xx_rtc.o BSP\ST\STM32F4xx\src\stm32f4xx_sdio.o BSP\ST\STM32F4xx\src\stm32f4xx_spi.o BSP\ST\STM32F4xx\src\stm32f4xx_syscfg.o BSP\ST\STM32F4xx\src\stm32f4xx_tim.o BSP\ST\STM32F4xx\src\stm32f4xx_usart.o BSP\ST\STM32F4xx\src\stm32f4xx_wwdg.o BSP\TrueSTUDIO\cstartup.o BSP\bsp.o BSP\bsp_int.o BSP\bsp_periph.o uC-CPU\ARM-Cortex-M4\GNU\cpu_a.o uC-CPU\ARM-Cortex-M4\GNU\cpu_c.o uC-CPU\cpu_core.o uC-LIB\Ports\ARM-Cortex-M4\GNU\lib_mem_a.o uC-LIB\lib_ascii.o uC-LIB\lib_math.o uC-LIB\lib_mem.o uC-LIB\lib_str.o uCOS-III\Ports\ARM-Cortex-M4\Generic\GNU\os_cpu_a.o uCOS-III\Ports\ARM-Cortex-M4\Generic\GNU\os_cpu_c.o uCOS-III\Source\os_cfg_app.o uCOS-III\Source\os_core.o uCOS-III\Source\os_dbg.o uCOS-III\Source\os_flag.o uCOS-III\Source\os_int.o uCOS-III\Source\os_mem.o uCOS-III\Source\os_msg.o uCOS-III\Source\os_mutex.o uCOS-III\Source\os_pend_multi.o uCOS-III\Source\os_prio.o uCOS-III\Source\os_q.o uCOS-III\Source\os_sem.o uCOS-III\Source\os_stat.o uCOS-III\Source\os_task.o uCOS-III\Source\os_tick.o uCOS-III\Source\os_time.o uCOS-III\Source\os_tmr.o uCOS-III\Source\os_var.o -mthumb -mcpu=cortex-m4 -mfloat-abi=hard -mfpu=fpv4-sp-d16 -T../Debug_STM32F429ZI_FLASH.ld -specs=nosys.specs -static -Wl,-cref,-u,Reset_Handler -Wl,-Map=OS3.map -Wl,--gc-sections -Wl,--defsym=malloc_getpagesize_P=0x80 -Wl,--start-group -lc -lm -Wl,--end-group -specs=nano.specs 
C:\Program Files (x86)\Atollic\TrueSTUDIO for STM32 9.3.0\ide\jre\bin\java -jar C:\Program Files (x86)\Atollic\TrueSTUDIO for STM32 9.3.0\Tools\arm-atollic-reports.jar sizeinfo list OS3.elf 
Generate build reports...
Print size information
   text	   data	    bss	    dec	    hex	filename
  27144	     36	  13340	  40520	   9e48	OS3.elf
Print size information done
Generate listing file
Output sent to: OS3.list
Generate listing file done
Generate build reports done
20:32:04 **** Incremental Build of configuration Debug for project OS3 ****
Info: Internal Builder is used for build
arm-atollic-eabi-gcc -c ..\..\app.c -mthumb -mcpu=cortex-m4 -mfloat-abi=hard -mfpu=fpv4-sp-d16 -std=gnu11 -DSTM32F42_43xxx -DUSE_STDPERIPH_DRIVER -IC:/Users/82103/OneDrive/πŸ≈¡ »≠∏È/FireWarning/Examples/ST/STM32F429II-SK/OS3/TrueSTUDIO/../ -IC:/Users/82103/OneDrive/πŸ≈¡ »≠∏È/FireWarning/Examples/ST/STM32F429II-SK/OS3/TrueSTUDIO/../../BSP -IC:/Users/82103/OneDrive/πŸ≈¡ »≠∏È/FireWarning/Examples/ST/STM32F429II-SK/OS3/TrueSTUDIO/../../BSP/ST/STM32F4xx/inc -IC:/Users/82103/OneDrive/πŸ≈¡ »≠∏È/FireWarning/Examples/ST/STM32F429II-SK/OS3/TrueSTUDIO/../../BSP/ST/STM32F4xx/src -IC:/Users/82103/OneDrive/πŸ≈¡ »≠∏È/FireWarning/Examples/ST/STM32F429II-SK/OS3/TrueSTUDIO/../../BSP/TrueSTUDIO -IC:/Users/82103/OneDrive/πŸ≈¡ »≠∏È/FireWarning/Examples/ST/STM32F429II-SK/OS3/TrueSTUDIO/../../../../../Software/uC-CPU/ARM-Cortex-M4/GNU -IC:/Users/82103/OneDrive/πŸ≈¡ »≠∏È/FireWarning/Examples/ST/STM32F429II-SK/OS3/TrueSTUDIO/../../../../../Software/uC-CPU -IC:/Users/82103/OneDrive/πŸ≈¡ »≠∏È/FireWarning/Examples/ST/STM32F429II-SK/OS3/TrueSTUDIO/../../../../../Software/uC-LIB -IC:/Users/82103/OneDrive/πŸ≈¡ »≠∏È/FireWarning/Examples/ST/STM32F429II-SK/OS3/TrueSTUDIO/../../../../../Software/uC-LIB/Ports/ARM-Cortex-M4/GNU -IC:/Users/82103/OneDrive/πŸ≈¡ »≠∏È/FireWarning/Examples/ST/STM32F429II-SK/OS3/TrueSTUDIO/../../../../../Software/uCOS-III/Ports/ARM-Cortex-M4/Generic/GNU -IC:/Users/82103/OneDrive/πŸ≈¡ »≠∏È/FireWarning/Examples/ST/STM32F429II-SK/OS3/TrueSTUDIO/../../../../../Software/uCOS-III/Source -O0 -ffunction-sections -fdata-sections -g -fstack-usage -Wall -specs=nano.specs -o APP\app.o 
..\..\app.c: In function 'UsartTask':
..\..\app.c:204:9: warning: unused variable 'ts' [-Wunused-variable]
  CPU_TS ts;
         ^~
arm-atollic-eabi-gcc -o OS3.elf APP\app.o APP\os_app_hooks.o BSP\ST\STM32F4xx\src\misc.o BSP\ST\STM32F4xx\src\stm32f4xx_adc.o BSP\ST\STM32F4xx\src\stm32f4xx_can.o BSP\ST\STM32F4xx\src\stm32f4xx_crc.o BSP\ST\STM32F4xx\src\stm32f4xx_cryp.o BSP\ST\STM32F4xx\src\stm32f4xx_cryp_aes.o BSP\ST\STM32F4xx\src\stm32f4xx_cryp_des.o BSP\ST\STM32F4xx\src\stm32f4xx_cryp_tdes.o BSP\ST\STM32F4xx\src\stm32f4xx_dac.o BSP\ST\STM32F4xx\src\stm32f4xx_dbgmcu.o BSP\ST\STM32F4xx\src\stm32f4xx_dcmi.o BSP\ST\STM32F4xx\src\stm32f4xx_dma.o BSP\ST\STM32F4xx\src\stm32f4xx_exti.o BSP\ST\STM32F4xx\src\stm32f4xx_flash.o BSP\ST\STM32F4xx\src\stm32f4xx_fsmc.o BSP\ST\STM32F4xx\src\stm32f4xx_gpio.o BSP\ST\STM32F4xx\src\stm32f4xx_hash.o BSP\ST\STM32F4xx\src\stm32f4xx_hash_md5.o BSP\ST\STM32F4xx\src\stm32f4xx_hash_sha1.o BSP\ST\STM32F4xx\src\stm32f4xx_i2c.o BSP\ST\STM32F4xx\src\stm32f4xx_iwdg.o BSP\ST\STM32F4xx\src\stm32f4xx_pwr.o BSP\ST\STM32F4xx\src\stm32f4xx_rcc.o BSP\ST\STM32F4xx\src\stm32f4xx_rng.o BSP\ST\STM32F4xx\src\stm32f4xx_rtc.o BSP\ST\STM32F4xx\src\stm32f4xx_sdio.o BSP\ST\STM32F4xx\src\stm32f4xx_spi.o BSP\ST\STM32F4xx\src\stm32f4xx_syscfg.o BSP\ST\STM32F4xx\src\stm32f4xx_tim.o BSP\ST\STM32F4xx\src\stm32f4xx_usart.o BSP\ST\STM32F4xx\src\stm32f4xx_wwdg.o BSP\TrueSTUDIO\cstartup.o BSP\bsp.o BSP\bsp_int.o BSP\bsp_periph.o uC-CPU\ARM-Cortex-M4\GNU\cpu_a.o uC-CPU\ARM-Cortex-M4\GNU\cpu_c.o uC-CPU\cpu_core.o uC-LIB\Ports\ARM-Cortex-M4\GNU\lib_mem_a.o uC-LIB\lib_ascii.o uC-LIB\lib_math.o uC-LIB\lib_mem.o uC-LIB\lib_str.o uCOS-III\Ports\ARM-Cortex-M4\Generic\GNU\os_cpu_a.o uCOS-III\Ports\ARM-Cortex-M4\Generic\GNU\os_cpu_c.o uCOS-III\Source\os_cfg_app.o uCOS-III\Source\os_core.o uCOS-III\Source\os_dbg.o uCOS-III\Source\os_flag.o uCOS-III\Source\os_int.o uCOS-III\Source\os_mem.o uCOS-III\Source\os_msg.o uCOS-III\Source\os_mutex.o uCOS-III\Source\os_pend_multi.o uCOS-III\Source\os_prio.o uCOS-III\Source\os_q.o uCOS-III\Source\os_sem.o uCOS-III\Source\os_stat.o uCOS-III\Source\os_task.o uCOS-III\Source\os_tick.o uCOS-III\Source\os_time.o uCOS-III\Source\os_tmr.o uCOS-III\Source\os_var.o -mthumb -mcpu=cortex-m4 -mfloat-abi=hard -mfpu=fpv4-sp-d16 -T../Debug_STM32F429ZI_FLASH.ld -specs=nosys.specs -static -Wl,-cref,-u,Reset_Handler -Wl,-Map=OS3.map -Wl,--gc-sections -Wl,--defsym=malloc_getpagesize_P=0x80 -Wl,--start-group -lc -lm -Wl,--end-group -specs=nano.specs 
C:\Program Files (x86)\Atollic\TrueSTUDIO for STM32 9.3.0\ide\jre\bin\java -jar C:\Program Files (x86)\Atollic\TrueSTUDIO for STM32 9.3.0\Tools\arm-atollic-reports.jar sizeinfo list OS3.elf 
Generate build reports...
Print size information
   text	   data	    bss	    dec	    hex	filename
  27124	     36	  13340	  40500	   9e34	OS3.elf
Print size information done
Generate listing file
Output sent to: OS3.list
Generate listing file done
Generate build reports done
20:33:23 **** Incremental Build of configuration Debug for project OS3 ****
Info: Internal Builder is used for build
arm-atollic-eabi-gcc -c ..\..\app.c -mthumb -mcpu=cortex-m4 -mfloat-abi=hard -mfpu=fpv4-sp-d16 -std=gnu11 -DSTM32F42_43xxx -DUSE_STDPERIPH_DRIVER -IC:/Users/82103/OneDrive/πŸ≈¡ »≠∏È/FireWarning/Examples/ST/STM32F429II-SK/OS3/TrueSTUDIO/../ -IC:/Users/82103/OneDrive/πŸ≈¡ »≠∏È/FireWarning/Examples/ST/STM32F429II-SK/OS3/TrueSTUDIO/../../BSP -IC:/Users/82103/OneDrive/πŸ≈¡ »≠∏È/FireWarning/Examples/ST/STM32F429II-SK/OS3/TrueSTUDIO/../../BSP/ST/STM32F4xx/inc -IC:/Users/82103/OneDrive/πŸ≈¡ »≠∏È/FireWarning/Examples/ST/STM32F429II-SK/OS3/TrueSTUDIO/../../BSP/ST/STM32F4xx/src -IC:/Users/82103/OneDrive/πŸ≈¡ »≠∏È/FireWarning/Examples/ST/STM32F429II-SK/OS3/TrueSTUDIO/../../BSP/TrueSTUDIO -IC:/Users/82103/OneDrive/πŸ≈¡ »≠∏È/FireWarning/Examples/ST/STM32F429II-SK/OS3/TrueSTUDIO/../../../../../Software/uC-CPU/ARM-Cortex-M4/GNU -IC:/Users/82103/OneDrive/πŸ≈¡ »≠∏È/FireWarning/Examples/ST/STM32F429II-SK/OS3/TrueSTUDIO/../../../../../Software/uC-CPU -IC:/Users/82103/OneDrive/πŸ≈¡ »≠∏È/FireWarning/Examples/ST/STM32F429II-SK/OS3/TrueSTUDIO/../../../../../Software/uC-LIB -IC:/Users/82103/OneDrive/πŸ≈¡ »≠∏È/FireWarning/Examples/ST/STM32F429II-SK/OS3/TrueSTUDIO/../../../../../Software/uC-LIB/Ports/ARM-Cortex-M4/GNU -IC:/Users/82103/OneDrive/πŸ≈¡ »≠∏È/FireWarning/Examples/ST/STM32F429II-SK/OS3/TrueSTUDIO/../../../../../Software/uCOS-III/Ports/ARM-Cortex-M4/Generic/GNU -IC:/Users/82103/OneDrive/πŸ≈¡ »≠∏È/FireWarning/Examples/ST/STM32F429II-SK/OS3/TrueSTUDIO/../../../../../Software/uCOS-III/Source -O0 -ffunction-sections -fdata-sections -g -fstack-usage -Wall -specs=nano.specs -o APP\app.o 
..\..\app.c: In function 'UsartTask':
..\..\app.c:204:9: warning: unused variable 'ts' [-Wunused-variable]
  CPU_TS ts;
         ^~
..\..\app.c: In function 'FireSenTask':
..\..\app.c:311:4: warning: implicit declaration of function 'BSP_LED_OFF' [-Wimplicit-function-declaration]
    BSP_LED_OFF(2);
    ^~~~~~~~~~~
arm-atollic-eabi-gcc -o OS3.elf APP\app.o APP\os_app_hooks.o BSP\ST\STM32F4xx\src\misc.o BSP\ST\STM32F4xx\src\stm32f4xx_adc.o BSP\ST\STM32F4xx\src\stm32f4xx_can.o BSP\ST\STM32F4xx\src\stm32f4xx_crc.o BSP\ST\STM32F4xx\src\stm32f4xx_cryp.o BSP\ST\STM32F4xx\src\stm32f4xx_cryp_aes.o BSP\ST\STM32F4xx\src\stm32f4xx_cryp_des.o BSP\ST\STM32F4xx\src\stm32f4xx_cryp_tdes.o BSP\ST\STM32F4xx\src\stm32f4xx_dac.o BSP\ST\STM32F4xx\src\stm32f4xx_dbgmcu.o BSP\ST\STM32F4xx\src\stm32f4xx_dcmi.o BSP\ST\STM32F4xx\src\stm32f4xx_dma.o BSP\ST\STM32F4xx\src\stm32f4xx_exti.o BSP\ST\STM32F4xx\src\stm32f4xx_flash.o BSP\ST\STM32F4xx\src\stm32f4xx_fsmc.o BSP\ST\STM32F4xx\src\stm32f4xx_gpio.o BSP\ST\STM32F4xx\src\stm32f4xx_hash.o BSP\ST\STM32F4xx\src\stm32f4xx_hash_md5.o BSP\ST\STM32F4xx\src\stm32f4xx_hash_sha1.o BSP\ST\STM32F4xx\src\stm32f4xx_i2c.o BSP\ST\STM32F4xx\src\stm32f4xx_iwdg.o BSP\ST\STM32F4xx\src\stm32f4xx_pwr.o BSP\ST\STM32F4xx\src\stm32f4xx_rcc.o BSP\ST\STM32F4xx\src\stm32f4xx_rng.o BSP\ST\STM32F4xx\src\stm32f4xx_rtc.o BSP\ST\STM32F4xx\src\stm32f4xx_sdio.o BSP\ST\STM32F4xx\src\stm32f4xx_spi.o BSP\ST\STM32F4xx\src\stm32f4xx_syscfg.o BSP\ST\STM32F4xx\src\stm32f4xx_tim.o BSP\ST\STM32F4xx\src\stm32f4xx_usart.o BSP\ST\STM32F4xx\src\stm32f4xx_wwdg.o BSP\TrueSTUDIO\cstartup.o BSP\bsp.o BSP\bsp_int.o BSP\bsp_periph.o uC-CPU\ARM-Cortex-M4\GNU\cpu_a.o uC-CPU\ARM-Cortex-M4\GNU\cpu_c.o uC-CPU\cpu_core.o uC-LIB\Ports\ARM-Cortex-M4\GNU\lib_mem_a.o uC-LIB\lib_ascii.o uC-LIB\lib_math.o uC-LIB\lib_mem.o uC-LIB\lib_str.o uCOS-III\Ports\ARM-Cortex-M4\Generic\GNU\os_cpu_a.o uCOS-III\Ports\ARM-Cortex-M4\Generic\GNU\os_cpu_c.o uCOS-III\Source\os_cfg_app.o uCOS-III\Source\os_core.o uCOS-III\Source\os_dbg.o uCOS-III\Source\os_flag.o uCOS-III\Source\os_int.o uCOS-III\Source\os_mem.o uCOS-III\Source\os_msg.o uCOS-III\Source\os_mutex.o uCOS-III\Source\os_pend_multi.o uCOS-III\Source\os_prio.o uCOS-III\Source\os_q.o uCOS-III\Source\os_sem.o uCOS-III\Source\os_stat.o uCOS-III\Source\os_task.o uCOS-III\Source\os_tick.o uCOS-III\Source\os_time.o uCOS-III\Source\os_tmr.o uCOS-III\Source\os_var.o -mthumb -mcpu=cortex-m4 -mfloat-abi=hard -mfpu=fpv4-sp-d16 -T../Debug_STM32F429ZI_FLASH.ld -specs=nosys.specs -static -Wl,-cref,-u,Reset_Handler -Wl,-Map=OS3.map -Wl,--gc-sections -Wl,--defsym=malloc_getpagesize_P=0x80 -Wl,--start-group -lc -lm -Wl,--end-group -specs=nano.specs 
APP\app.o: In function `FireSenTask':
C:\Users\82103\OneDrive\πŸ≈¡ »≠∏È\FireWarning\Examples\ST\STM32F429II-SK\OS3\TrueSTUDIO\Debug/..\../app.c:311: undefined reference to `BSP_LED_OFF'
C:\Users\82103\OneDrive\πŸ≈¡ »≠∏È\FireWarning\Examples\ST\STM32F429II-SK\OS3\TrueSTUDIO\Debug/..\../app.c:312: undefined reference to `BSP_LED_OFF'
collect2.exe: error: ld returned 1 exit status
20:33:51 **** Incremental Build of configuration Debug for project OS3 ****
Info: Internal Builder is used for build
arm-atollic-eabi-gcc -c ..\..\app.c -mthumb -mcpu=cortex-m4 -mfloat-abi=hard -mfpu=fpv4-sp-d16 -std=gnu11 -DSTM32F42_43xxx -DUSE_STDPERIPH_DRIVER -IC:/Users/82103/OneDrive/πŸ≈¡ »≠∏È/FireWarning/Examples/ST/STM32F429II-SK/OS3/TrueSTUDIO/../ -IC:/Users/82103/OneDrive/πŸ≈¡ »≠∏È/FireWarning/Examples/ST/STM32F429II-SK/OS3/TrueSTUDIO/../../BSP -IC:/Users/82103/OneDrive/πŸ≈¡ »≠∏È/FireWarning/Examples/ST/STM32F429II-SK/OS3/TrueSTUDIO/../../BSP/ST/STM32F4xx/inc -IC:/Users/82103/OneDrive/πŸ≈¡ »≠∏È/FireWarning/Examples/ST/STM32F429II-SK/OS3/TrueSTUDIO/../../BSP/ST/STM32F4xx/src -IC:/Users/82103/OneDrive/πŸ≈¡ »≠∏È/FireWarning/Examples/ST/STM32F429II-SK/OS3/TrueSTUDIO/../../BSP/TrueSTUDIO -IC:/Users/82103/OneDrive/πŸ≈¡ »≠∏È/FireWarning/Examples/ST/STM32F429II-SK/OS3/TrueSTUDIO/../../../../../Software/uC-CPU/ARM-Cortex-M4/GNU -IC:/Users/82103/OneDrive/πŸ≈¡ »≠∏È/FireWarning/Examples/ST/STM32F429II-SK/OS3/TrueSTUDIO/../../../../../Software/uC-CPU -IC:/Users/82103/OneDrive/πŸ≈¡ »≠∏È/FireWarning/Examples/ST/STM32F429II-SK/OS3/TrueSTUDIO/../../../../../Software/uC-LIB -IC:/Users/82103/OneDrive/πŸ≈¡ »≠∏È/FireWarning/Examples/ST/STM32F429II-SK/OS3/TrueSTUDIO/../../../../../Software/uC-LIB/Ports/ARM-Cortex-M4/GNU -IC:/Users/82103/OneDrive/πŸ≈¡ »≠∏È/FireWarning/Examples/ST/STM32F429II-SK/OS3/TrueSTUDIO/../../../../../Software/uCOS-III/Ports/ARM-Cortex-M4/Generic/GNU -IC:/Users/82103/OneDrive/πŸ≈¡ »≠∏È/FireWarning/Examples/ST/STM32F429II-SK/OS3/TrueSTUDIO/../../../../../Software/uCOS-III/Source -O0 -ffunction-sections -fdata-sections -g -fstack-usage -Wall -specs=nano.specs -o APP\app.o 
..\..\app.c: In function 'UsartTask':
..\..\app.c:204:9: warning: unused variable 'ts' [-Wunused-variable]
  CPU_TS ts;
         ^~
arm-atollic-eabi-gcc -o OS3.elf APP\app.o APP\os_app_hooks.o BSP\ST\STM32F4xx\src\misc.o BSP\ST\STM32F4xx\src\stm32f4xx_adc.o BSP\ST\STM32F4xx\src\stm32f4xx_can.o BSP\ST\STM32F4xx\src\stm32f4xx_crc.o BSP\ST\STM32F4xx\src\stm32f4xx_cryp.o BSP\ST\STM32F4xx\src\stm32f4xx_cryp_aes.o BSP\ST\STM32F4xx\src\stm32f4xx_cryp_des.o BSP\ST\STM32F4xx\src\stm32f4xx_cryp_tdes.o BSP\ST\STM32F4xx\src\stm32f4xx_dac.o BSP\ST\STM32F4xx\src\stm32f4xx_dbgmcu.o BSP\ST\STM32F4xx\src\stm32f4xx_dcmi.o BSP\ST\STM32F4xx\src\stm32f4xx_dma.o BSP\ST\STM32F4xx\src\stm32f4xx_exti.o BSP\ST\STM32F4xx\src\stm32f4xx_flash.o BSP\ST\STM32F4xx\src\stm32f4xx_fsmc.o BSP\ST\STM32F4xx\src\stm32f4xx_gpio.o BSP\ST\STM32F4xx\src\stm32f4xx_hash.o BSP\ST\STM32F4xx\src\stm32f4xx_hash_md5.o BSP\ST\STM32F4xx\src\stm32f4xx_hash_sha1.o BSP\ST\STM32F4xx\src\stm32f4xx_i2c.o BSP\ST\STM32F4xx\src\stm32f4xx_iwdg.o BSP\ST\STM32F4xx\src\stm32f4xx_pwr.o BSP\ST\STM32F4xx\src\stm32f4xx_rcc.o BSP\ST\STM32F4xx\src\stm32f4xx_rng.o BSP\ST\STM32F4xx\src\stm32f4xx_rtc.o BSP\ST\STM32F4xx\src\stm32f4xx_sdio.o BSP\ST\STM32F4xx\src\stm32f4xx_spi.o BSP\ST\STM32F4xx\src\stm32f4xx_syscfg.o BSP\ST\STM32F4xx\src\stm32f4xx_tim.o BSP\ST\STM32F4xx\src\stm32f4xx_usart.o BSP\ST\STM32F4xx\src\stm32f4xx_wwdg.o BSP\TrueSTUDIO\cstartup.o BSP\bsp.o BSP\bsp_int.o BSP\bsp_periph.o uC-CPU\ARM-Cortex-M4\GNU\cpu_a.o uC-CPU\ARM-Cortex-M4\GNU\cpu_c.o uC-CPU\cpu_core.o uC-LIB\Ports\ARM-Cortex-M4\GNU\lib_mem_a.o uC-LIB\lib_ascii.o uC-LIB\lib_math.o uC-LIB\lib_mem.o uC-LIB\lib_str.o uCOS-III\Ports\ARM-Cortex-M4\Generic\GNU\os_cpu_a.o uCOS-III\Ports\ARM-Cortex-M4\Generic\GNU\os_cpu_c.o uCOS-III\Source\os_cfg_app.o uCOS-III\Source\os_core.o uCOS-III\Source\os_dbg.o uCOS-III\Source\os_flag.o uCOS-III\Source\os_int.o uCOS-III\Source\os_mem.o uCOS-III\Source\os_msg.o uCOS-III\Source\os_mutex.o uCOS-III\Source\os_pend_multi.o uCOS-III\Source\os_prio.o uCOS-III\Source\os_q.o uCOS-III\Source\os_sem.o uCOS-III\Source\os_stat.o uCOS-III\Source\os_task.o uCOS-III\Source\os_tick.o uCOS-III\Source\os_time.o uCOS-III\Source\os_tmr.o uCOS-III\Source\os_var.o -mthumb -mcpu=cortex-m4 -mfloat-abi=hard -mfpu=fpv4-sp-d16 -T../Debug_STM32F429ZI_FLASH.ld -specs=nosys.specs -static -Wl,-cref,-u,Reset_Handler -Wl,-Map=OS3.map -Wl,--gc-sections -Wl,--defsym=malloc_getpagesize_P=0x80 -Wl,--start-group -lc -lm -Wl,--end-group -specs=nano.specs 
C:\Program Files (x86)\Atollic\TrueSTUDIO for STM32 9.3.0\ide\jre\bin\java -jar C:\Program Files (x86)\Atollic\TrueSTUDIO for STM32 9.3.0\Tools\arm-atollic-reports.jar sizeinfo list OS3.elf 
Generate build reports...
Print size information
   text	   data	    bss	    dec	    hex	filename
  27140	     36	  13340	  40516	   9e44	OS3.elf
Print size information done
Generate listing file
Output sent to: OS3.list
Generate listing file done
Generate build reports done
Info: Nothing to build for OS3
Info: Nothing to build for OS3
Info: Nothing to build for OS3
